12:53:15 **** Incremental Build of configuration Debug for project Motherboard ****
make -j4 pre-build main-build 
GenerateVersionInfo.cpp depending on current git version info
cd /home/porta/Dropbox/RhizoTech/Git/Motherboard && sh GenerateVersionInfo.sh
Building file: ../Src/Utilities/VersionInfo.cpp
fatal: Kein Git-Repository (oder irgendeines der Elternverzeichnisse): .git
Invoking: MCU G++ Compiler
fatal: Kein Git-Repository (oder irgendeines der Elternverzeichnisse): .git
/home/porta/Dropbox/RhizoTech/Git/Motherboard/Debug
arm-none-eabi-g++ -mcpu=cortex-m4 -mthumb -mfloat-abi=hard -mfpu=fpv4-sp-d16 -DDEBUG -DUSE_HAL_DRIVER -DSTM32L496xx -DUSE_FULL_LL_DRIVER '-D__weak=__attribute__((weak))' '-D__packed=__attribute__((__packed__))' -I"/home/porta/Dropbox/RhizoTech/Git/Motherboard/Inc/Measure" -I"/home/porta/Dropbox/RhizoTech/Git/Motherboard/Inc/Cellular" -I"/home/porta/Dropbox/RhizoTech/Git/Motherboard/Inc/Utilities" -I"/home/porta/Dropbox/RhizoTech/Git/Motherboard/Inc/Configuration/File" -I"/home/porta/Dropbox/RhizoTech/Git/Motherboard/Inc/StandbyRegister" -I"/home/porta/Dropbox/RhizoTech/Git/Motherboard/Inc/StandbyCache" -I"/home/porta/Dropbox/RhizoTech/Git/Motherboard/Inc/Energy" -I"/home/porta/Dropbox/RhizoTech/Git/Motherboard/Inc/SDCard" -I"/home/porta/Dropbox/RhizoTech/Git/Motherboard/Inc/ESP" -I"/home/porta/Dropbox/RhizoTech/Git/Motherboard/Inc" -I"/home/porta/Dropbox/RhizoTech/Git/Motherboard/Inc/Configuration" -I"/home/porta/Dropbox/RhizoTech/Git/Motherboard/Inc/SensorData" -I"/home/porta/Dropbox/RhizoTech/Git/Motherboard/Drivers/STM32L4xx_HAL_Driver/Inc" -I"/home/porta/Dropbox/RhizoTech/Git/Motherboard/Drivers/STM32L4xx_HAL_Driver/Inc/Legacy" -I"/home/porta/Dropbox/RhizoTech/Git/Motherboard/Middlewares/Third_Party/FatFs/src" -I"/home/porta/Dropbox/RhizoTech/Git/Motherboard/Middlewares/ST/STM32_USB_Device_Library/Core/Inc" -I"/home/porta/Dropbox/RhizoTech/Git/Motherboard/Middlewares/ST/STM32_USB_Device_Library/Class/MSC/Inc" -I"/home/porta/Dropbox/RhizoTech/Git/Motherboard/Drivers/CMSIS/Device/ST/STM32L4xx/Include" -I"/home/porta/Dropbox/RhizoTech/Git/Motherboard/Drivers/CMSIS/Include"  -O0 -g3 -Wall -fmessage-length=0 -Wno-write-strings -ffunction-sections -c -fno-exceptions -fno-rtti -MMD -MP -MF"Src/Utilities/VersionInfo.d" -MT"Src/Utilities/VersionInfo.o" -o "Src/Utilities/VersionInfo.o" "../Src/Utilities/VersionInfo.cpp"
 
Finished building: ../Src/Utilities/VersionInfo.cpp
 
Building target: Motherboard.elf
Invoking: MCU G++ Linker
arm-none-eabi-g++ -mcpu=cortex-m4 -mthumb -mfloat-abi=hard -mfpu=fpv4-sp-d16 -specs=nosys.specs -specs=nano.specs  -u _printf_float -T"../STM32L496ZGTx_FLASH.ld" -Wl,-Map=output.map -Wl,--gc-sections -fno-exceptions -fno-rtti -o "Motherboard.elf" @"objects.list"   -lm
Finished building target: Motherboard.elf
 
make --no-print-directory post-build
Generating hex and Printing size information:
arm-none-eabi-objcopy -O ihex "Motherboard.elf" "Motherboard.hex"
arm-none-eabi-size "Motherboard.elf"
   text	   data	    bss	    dec	    hex	filename
 248376	    832	 130040	 379248	  5c970	Motherboard.elf
 

12:53:17 Build Finished (took 1s.380ms)

