Archive member included to satisfy reference by file (symbol)

C:/Program Files/SEGGER/SEGGER Embedded Studio for ARM 4.12/lib/libc_v7em_fpv4_sp_d16_hard_t_le_eabi.a(libc2.o)
                              Output/Sensor Release/Obj/nrf_log_str_formatter.o (isprint)
C:/Program Files/SEGGER/SEGGER Embedded Studio for ARM 4.12/lib/libc_v7em_fpv4_sp_d16_hard_t_le_eabi.a(libc2_asm.o)
                              Output/Sensor Release/Obj/nrf_log_frontend.o (memcpy)
C:/Program Files/SEGGER/SEGGER Embedded Studio for ARM 4.12/lib/libc_v7em_fpv4_sp_d16_hard_t_le_eabi.a(libc.o)
                              C:/Program Files/SEGGER/SEGGER Embedded Studio for ARM 4.12/lib/libc_v7em_fpv4_sp_d16_hard_t_le_eabi.a(libc2.o) (__heap_lock)
C:/Program Files/SEGGER/SEGGER Embedded Studio for ARM 4.12/lib/libc_v7em_fpv4_sp_d16_hard_t_le_eabi.a(libc_asm.o)
                              C:/Program Files/SEGGER/SEGGER Embedded Studio for ARM 4.12/lib/libc_v7em_fpv4_sp_d16_hard_t_le_eabi.a(libc2.o) (__aeabi_uldivmod)
C:/Program Files/SEGGER/SEGGER Embedded Studio for ARM 4.12/lib/libdebugio_v7em_fpv4_sp_d16_hard_t_le_eabi.a(libdebugio.o)
                              Output/Sensor Release/Obj/thumb_crt0.o (debug_fopen)
C:/Program Files/SEGGER/SEGGER Embedded Studio for ARM 4.12/lib/libdebugio_mempoll_v7em_fpv4_sp_d16_hard_t_le_eabi.a(mempoll_debug_operations.o)
                              C:/Program Files/SEGGER/SEGGER Embedded Studio for ARM 4.12/lib/libdebugio_v7em_fpv4_sp_d16_hard_t_le_eabi.a(libdebugio.o) (__do_debug_operation)
C:/Program Files/SEGGER/SEGGER Embedded Studio for ARM 4.12/lib/libdebugio_mempoll_v7em_fpv4_sp_d16_hard_t_le_eabi.a(do_nv_debug_operation.o)
                              C:/Program Files/SEGGER/SEGGER Embedded Studio for ARM 4.12/lib/libdebugio_v7em_fpv4_sp_d16_hard_t_le_eabi.a(libdebugio.o) (__do_nvdebug_operation)
C:/Program Files/SEGGER/SEGGER Embedded Studio for ARM 4.12/lib/libm_v7em_fpv4_sp_d16_hard_t_le_eabi.a(libm_asm.o)
                              C:/Program Files/SEGGER/SEGGER Embedded Studio for ARM 4.12/lib/libc_v7em_fpv4_sp_d16_hard_t_le_eabi.a(libc2.o) (__aeabi_i2d)
C:/Program Files/SEGGER/SEGGER Embedded Studio for ARM 4.12/lib/libm_v7em_fpv4_sp_d16_hard_t_le_eabi.a(libm2.o)
                              C:/Program Files/SEGGER/SEGGER Embedded Studio for ARM 4.12/lib/libvfprintf_v7em_fpv4_sp_d16_hard_t_le_eabi.o (frexp)
C:/Program Files/SEGGER/SEGGER Embedded Studio for ARM 4.12/lib/libm_v7em_fpv4_sp_d16_hard_t_le_eabi.a(libm2_asm.o)
                              C:/Program Files/SEGGER/SEGGER Embedded Studio for ARM 4.12/lib/libm_v7em_fpv4_sp_d16_hard_t_le_eabi.a(libm2.o) (fabs)

Discarded input sections

 .text          0x0000000000000000        0x0 Output/Sensor Release/Obj/thumb_crt0.o
 .data          0x0000000000000000        0x0 Output/Sensor Release/Obj/thumb_crt0.o
 .bss           0x0000000000000000        0x0 Output/Sensor Release/Obj/thumb_crt0.o
 .text.__aeabi_read_tp
                0x0000000000000000        0x8 Output/Sensor Release/Obj/thumb_crt0.o
 .text.abort    0x0000000000000000        0x2 Output/Sensor Release/Obj/thumb_crt0.o
 .text.__assert
                0x0000000000000000        0x2 Output/Sensor Release/Obj/thumb_crt0.o
 .text.__aeabi_assert
                0x0000000000000000        0x2 Output/Sensor Release/Obj/thumb_crt0.o
 .text.__sync_synchronize
                0x0000000000000000        0x2 Output/Sensor Release/Obj/thumb_crt0.o
 .text.__getchar
                0x0000000000000000        0x4 Output/Sensor Release/Obj/thumb_crt0.o
 .text.__putchar
                0x0000000000000000        0x4 Output/Sensor Release/Obj/thumb_crt0.o
 .text.__open   0x0000000000000000        0x4 Output/Sensor Release/Obj/thumb_crt0.o
 .text.__close  0x0000000000000000        0x4 Output/Sensor Release/Obj/thumb_crt0.o
 .text.__write  0x0000000000000000        0xa Output/Sensor Release/Obj/thumb_crt0.o
 .text.__read   0x0000000000000000        0xa Output/Sensor Release/Obj/thumb_crt0.o
 .text.__seek   0x0000000000000000       0x1a Output/Sensor Release/Obj/thumb_crt0.o
 .bss.__user_locale_name_buffer
                0x0000000000000000        0x4 Output/Sensor Release/Obj/thumb_crt0.o
 .stack         0x0000000000000000        0x0 Output/Sensor Release/Obj/thumb_crt0.o
 .stack_process
                0x0000000000000000        0x0 Output/Sensor Release/Obj/thumb_crt0.o
 .heap          0x0000000000000000        0x0 Output/Sensor Release/Obj/thumb_crt0.o
 .group         0x0000000000000000        0xc Output/Sensor Release/Obj/nrf_log_backend_rtt.o
 .group         0x0000000000000000        0xc Output/Sensor Release/Obj/nrf_log_backend_rtt.o
 .group         0x0000000000000000        0xc Output/Sensor Release/Obj/nrf_log_backend_rtt.o
 .group         0x0000000000000000        0xc Output/Sensor Release/Obj/nrf_log_backend_rtt.o
 .group         0x0000000000000000        0xc Output/Sensor Release/Obj/nrf_log_backend_rtt.o
[...]
Memory Configuration

Name             Origin             Length             Attributes
UNPLACED_SECTIONS 0x0000000100000000 0x0000000000000000 xw
RAM              0x0000000020000000 0x0000000000040000 xw
FLASH            0x0000000000000000 0x0000000000100000 xw
*default*        0x0000000000000000 0xffffffffffffffff

Linker script and memory map

                0x0000000000000000                __vfprintf = __vfprintf_long
                0x0000000000000000                __vfscanf = __vfscanf_long
                0x0000000020000000                __RAM_segment_start__ = 0x20000000
                0x0000000020040000                __RAM_segment_end__ = 0x20040000
                0x0000000000040000                __RAM_segment_size__ = 0x40000
                0x0000000000000000                __FLASH_segment_start__ = 0x0
                0x0000000000100000                __FLASH_segment_end__ = 0x100000
                0x0000000000100000                __FLASH_segment_size__ = 0x100000
                0x0000000000002000                __HEAPSIZE__ = 0x2000
                0x0000000000000000                __STACKSIZE_PROCESS__ = 0x0
                0x0000000000002000                __STACKSIZE__ = 0x2000
                0x0000000020000000                __reserved_ram_load_start__ = 0x20000000

.reserved_ram   0x0000000020000000     0x22e0
                0x0000000020000000                __reserved_ram_start__ = .
 *(.reserved_ram .reserved_ram.*)
                0x00000000200022e0                . = MAX (((__reserved_ram_start__ + 0x200022e0) - 0x20000000), .)
 *fill*         0x0000000020000000     0x22e0 
                0x00000000200022e0                __reserved_ram_end__ = (__reserved_ram_start__ + SIZEOF (.reserved_ram))
                0x00000000000022e0                __reserved_ram_size__ = SIZEOF (.reserved_ram)
                0x00000000200022e0                __reserved_ram_load_end__ = __reserved_ram_end__
                0x0000000000000001                . = ASSERT (((__reserved_ram_start__ == __reserved_ram_end__) || ((__reserved_ram_end__ >= __RAM_segment_start__) && (__reserved_ram_end__ <= __RAM_segment_end__))), error: .reserved_ram is too large to fit in RAM memory segment)
                0x00000000200022e0                __vectors_ram_load_start__ = 0x200022e0

.vectors_ram    0x00000000200022e0        0x0
                0x00000000200022e0                __vectors_ram_start__ = .
                0x00000000200022e0                __app_ram_start__ = __vectors_ram_start__
 *(.vectors_ram .vectors_ram.*)
                0x00000000200022e0                __vectors_ram_end__ = (__vectors_ram_start__ + SIZEOF (.vectors_ram))
                0x0000000000000000                __vectors_ram_size__ = SIZEOF (.vectors_ram)
                0x00000000200022e0                __vectors_ram_load_end__ = __vectors_ram_end__
                0x0000000000000001                . = ASSERT (((__vectors_ram_start__ == __vectors_ram_end__) || ((__vectors_ram_end__ >= __RAM_segment_start__) && (__vectors_ram_end__ <= __RAM_segment_end__))), error: .vectors_ram is too large to fit in RAM memory segment)
                0x0000000000000001                . = ASSERT ((__reserved_ram_end__ <= __vectors_ram_start__), error: section .reserved_ram overlaps absolute placed section .vectors_ram)
                0x00000000200022e0                __nrf_sections_run_load_start__ = ALIGN (__vectors_ram_end__, 0x4)

.nrf_sections_run
                0x00000000200022e0        0x0
                0x00000000200022e0                __nrf_sections_run_start__ = .
                0x00000000200022e0                __start_nrf_sections_run = __nrf_sections_run_start__
 *(.nrf_sections_run .nrf_sections_run.*)
                0x00000000200022e0                __nrf_sections_run_end__ = (__nrf_sections_run_start__ + SIZEOF (.nrf_sections_run))
                0x0000000000000000                __nrf_sections_run_size__ = SIZEOF (.nrf_sections_run)
                0x00000000200022e0                __nrf_sections_run_load_end__ = __nrf_sections_run_end__
                0x0000000000000001                . = ASSERT (((__nrf_sections_run_start__ == __nrf_sections_run_end__) || ((__nrf_sections_run_end__ >= __RAM_segment_start__) && (__nrf_sections_run_end__ <= __RAM_segment_end__))), error: .nrf_sections_run is too large to fit in RAM memory segment)
                0x0000000000000000                __reserved_flash_load_start__ = 0x0

.reserved_flash
                0x0000000000000000    0x26000
                0x0000000000000000                __reserved_flash_start__ = .
 *(.reserved_flash .reserved_flash.*)
                0x0000000000026000                . = MAX (((__reserved_flash_start__ + 0x26000) - 0x0), .)
 *fill*         0x0000000000000000    0x26000 
                0x0000000000026000                __reserved_flash_end__ = (__reserved_flash_start__ + SIZEOF (.reserved_flash))
                0x0000000000026000                __reserved_flash_size__ = SIZEOF (.reserved_flash)
                0x0000000000026000                __reserved_flash_load_end__ = __reserved_flash_end__
                0x0000000000000001                . = ASSERT (((__reserved_flash_start__ == __reserved_flash_end__) || ((__reserved_flash_end__ >= __FLASH_segment_start__) && (__reserved_flash_end__ <= __FLASH_segment_end__))), error: .reserved_flash is too large to fit in FLASH memory segment)
                0x0000000000026000                __vectors_load_start__ = 0x26000

.vectors        0x0000000000026000      0x200
                0x0000000000026000                __vectors_start__ = .
 *(.vectors .vectors.*)
 .vectors       0x0000000000026000      0x200 Output/Sensor Release/Obj/ses_startup_nrf52840.o
                0x0000000000026000                _vectors
                0x0000000000026200                __vectors_end__ = (__vectors_start__ + SIZEOF (.vectors))
                0x0000000000000200                __vectors_size__ = SIZEOF (.vectors)
                0x0000000000026200                __vectors_load_end__ = __vectors_end__
                0x0000000000000001                . = ASSERT (((__vectors_start__ == __vectors_end__) || ((__vectors_end__ >= __FLASH_segment_start__) && (__vectors_end__ <= __FLASH_segment_end__))), error: .vectors is too large to fit in FLASH memory segment)
                0x0000000000000001                . = ASSERT ((__reserved_flash_end__ <= __vectors_start__), error: section .reserved_flash overlaps absolute placed section .vectors)
                0x0000000000026200                __init_load_start__ = ALIGN (__vectors_end__, 0x4)

.init           0x0000000000026200      0x1d8
                0x0000000000026200                __init_start__ = .
 *(.init .init.*)
 .init          0x0000000000026200      0x160 Output/Sensor Release/Obj/thumb_crt0.o
                0x0000000000026200                _start
                0x00000000000262b6                exit
 .init          0x0000000000026360       0x18 Output/Sensor Release/Obj/ses_startup_nrf52840.o
                0x0000000000026360                NMI_Handler
                0x0000000000026362                HardFault_Handler
                0x0000000000026364                MemoryManagement_Handler
                0x0000000000026366                BusFault_Handler
                0x0000000000026368                UsageFault_Handler
                0x000000000002636a                SVC_Handler
                0x000000000002636c                DebugMon_Handler
                0x000000000002636e                PendSV_Handler
                0x0000000000026370                SysTick_Handler
                0x0000000000026372                RADIO_IRQHandler
                0x0000000000026372                PDM_IRQHandler
                0x0000000000026372                TEMP_IRQHandler
                0x0000000000026372                RTC0_IRQHandler
                0x0000000000026372                TIMER3_IRQHandler
                0x0000000000026372                PWM3_IRQHandler
                0x0000000000026372                FPU_IRQHandler
                0x0000000000026372                USBD_IRQHandler
                0x0000000000026372                SPIM0_SPIS0_TWIM0_TWIS0_SPI0_TWI0_IRQHandler
                0x0000000000026372                QDEC_IRQHandler
                0x0000000000026372                TIMER4_IRQHandler
                0x0000000000026372                PWM1_IRQHandler
                0x0000000000026372                I2S_IRQHandler
                0x0000000000026372                SWI4_EGU4_IRQHandler
                0x0000000000026372                UARTE1_IRQHandler
                0x0000000000026372                Dummy_Handler
                0x0000000000026372                SPIM3_IRQHandler
                0x0000000000026372                PWM2_IRQHandler
                0x0000000000026372                ECB_IRQHandler
                0x0000000000026372                SPIM1_SPIS1_TWIM1_TWIS1_SPI1_TWI1_IRQHandler
                0x0000000000026372                CCM_AAR_IRQHandler
                0x0000000000026372                WDT_IRQHandler
                0x0000000000026372                QSPI_IRQHandler
                0x0000000000026372                SWI5_EGU5_IRQHandler
                0x0000000000026372                RNG_IRQHandler
                0x0000000000026372                RTC2_IRQHandler
                0x0000000000026372                PWM0_IRQHandler
                0x0000000000026372                SWI3_EGU3_IRQHandler
                0x0000000000026372                SWI1_EGU1_IRQHandler
                0x0000000000026372                SPIM2_SPIS2_SPI2_IRQHandler
                0x0000000000026372                NFCT_IRQHandler
                0x0000000000026372                CRYPTOCELL_IRQHandler
                0x0000000000026372                MWU_IRQHandler
                0x0000000000026372                TIMER2_IRQHandler
                0x0000000000026372                COMP_LPCOMP_IRQHandler
                0x0000000000026374                nRFInitialize
 .init          0x0000000000026378       0x60 Output/Sensor Release/Obj/ses_startup_nrf_common.o
                0x0000000000026378                Reset_Handler
                0x00000000000263a0                InitializeUserMemorySections
                0x00000000000263d8                __init_end__ = (__init_start__ + SIZEOF (.init))
                0x00000000000001d8                __init_size__ = SIZEOF (.init)
                0x00000000000263d8                __init_load_end__ = __init_end__
                0x0000000000000001                . = ASSERT (((__init_start__ == __init_end__) || ((__init_end__ >= __FLASH_segment_start__) && (__init_end__ <= __FLASH_segment_end__))), error: .init is too large to fit in FLASH memory segment)
                0x00000000000263d8                __init_rodata_load_start__ = ALIGN (__init_end__, 0x4)

.init_rodata    0x00000000000263d8        0x0
                0x00000000000263d8                __init_rodata_start__ = .
 *(.init_rodata .init_rodata.*)
                0x00000000000263d8                __init_rodata_end__ = (__init_rodata_start__ + SIZEOF (.init_rodata))
                0x0000000000000000                __init_rodata_size__ = SIZEOF (.init_rodata)
                0x00000000000263d8                __init_rodata_load_end__ = __init_rodata_end__
                0x0000000000000001                . = ASSERT (((__init_rodata_start__ == __init_rodata_end__) || ((__init_rodata_end__ >= __FLASH_segment_start__) && (__init_rodata_end__ <= __FLASH_segment_end__))), error: .init_rodata is too large to fit in FLASH memory segment)
                0x00000000000263d8                __text_load_start__ = ALIGN (__init_rodata_end__, 0x4)

.text           0x00000000000263d8     0x3a10
                0x00000000000263d8                __text_start__ = .
 *(.text .text.* .glue_7t .glue_7 .gnu.linkonce.t.* .gcc_except_table .ARM.extab* .gnu.linkonce.armextab.*)
 .glue_7        0x00000000000263d8        0x0 linker stubs
 .glue_7t       0x00000000000263d8        0x0 linker stubs
 .text.nrf_log_default_backends_init
                0x00000000000263d8        0x2 Output/Sensor Release/Obj/nrf_log_default_backends.o
                0x00000000000263d8                nrf_log_default_backends_init
 .text.invalid_packets_omit
                0x00000000000263da       0x3a Output/Sensor Release/Obj/nrf_log_frontend.o
 .text.buf_prealloc
                0x0000000000026414      0x134 Output/Sensor Release/Obj/nrf_log_frontend.o
 .text.nrf_log_init
                0x0000000000026548       0x3c Output/Sensor Release/Obj/nrf_log_frontend.o
                0x0000000000026548                nrf_log_init
 .text.buffer_is_empty
                0x0000000000026584       0x14 Output/Sensor Release/Obj/nrf_log_frontend.o
                0x0000000000026584                buffer_is_empty
 .text.nrf_log_frontend_dequeue
                0x0000000000026598      0x228 Output/Sensor Release/Obj/nrf_log_frontend.o
                0x0000000000026598                nrf_log_frontend_dequeue
 .text.std_n    0x00000000000267c0       0xb0 Output/Sensor Release/Obj/nrf_log_frontend.o
 .text.nrf_log_frontend_std_0
                0x0000000000026870        0x8 Output/Sensor Release/Obj/nrf_log_frontend.o
                0x0000000000026870                nrf_log_frontend_std_0
 .text.nrf_log_frontend_std_1
                0x0000000000026878       0x14 Output/Sensor Release/Obj/nrf_log_frontend.o
                0x0000000000026878                nrf_log_frontend_std_1
 .text.nrf_log_frontend_std_2
                0x000000000002688c       0x14 Output/Sensor Release/Obj/nrf_log_frontend.o
                0x000000000002688c                nrf_log_frontend_std_2
 .text.nrf_log_panic
                0x00000000000268a0       0x2c Output/Sensor Release/Obj/nrf_log_frontend.o
                0x00000000000268a0                nrf_log_panic
 .text.detection_delay_timeout_handler
                0x00000000000268cc      0x104 Output/Sensor Release/Obj/app_button.o
 .text.gpiote_event_handler
                0x00000000000269d0       0xa8 Output/Sensor Release/Obj/app_button.o
 .text.app_button_init
                0x0000000000026a78       0xa8 Output/Sensor Release/Obj/app_button.o
                0x0000000000026a78                app_button_init
 .text.app_button_enable
                0x0000000000026b20       0x2c Output/Sensor Release/Obj/app_button.o
                0x0000000000026b20                app_button_enable
 .text.app_button_disable
                0x0000000000026b4c       0x34 Output/Sensor Release/Obj/app_button.o
                0x0000000000026b4c                app_button_disable
 .text.app_error_handler_bare
                0x0000000000026b80       0x1a Output/Sensor Release/Obj/app_error.o
                0x0000000000026b80                app_error_handler_bare
 *fill*         0x0000000000026b9a        0x2 
 .text.app_error_fault_handler
                0x0000000000026b9c       0x70 Output/Sensor Release/Obj/app_error_weak.o
                0x0000000000026b9c                app_error_fault_handler
 .text.user_op_alloc
                0x0000000000026c0c       0x2c Output/Sensor Release/Obj/app_timer.o
 .text.timer_stop_op_schedule
                0x0000000000026c38       0x50 Output/Sensor Release/Obj/app_timer.o
 .text.nrfx_coredep_delay_us.constprop.3
                0x0000000000026c88       0x10 Output/Sensor Release/Obj/app_timer.o
 .text.rtc1_stop
                0x0000000000026c98       0x44 Output/Sensor Release/Obj/app_timer.o
 .text.RTC1_IRQHandler
                0x0000000000026cdc       0x9c Output/Sensor Release/Obj/app_timer.o
                0x0000000000026cdc                RTC1_IRQHandler
 .text.SWI0_EGU0_IRQHandler
                0x0000000000026d78      0x2ac Output/Sensor Release/Obj/app_timer.o
                0x0000000000026d78                SWI0_EGU0_IRQHandler
 .text.app_timer_init
                0x0000000000027024       0x60 Output/Sensor Release/Obj/app_timer.o
                0x0000000000027024                app_timer_init
 .text.app_timer_create
                0x0000000000027084       0x24 Output/Sensor Release/Obj/app_timer.o
                0x0000000000027084                app_timer_create
 .text.app_timer_start
                0x00000000000270a8       0x88 Output/Sensor Release/Obj/app_timer.o
                0x00000000000270a8                app_timer_start
 .text.app_timer_stop
                0x0000000000027130       0x20 Output/Sensor Release/Obj/app_timer.o
                0x0000000000027130                app_timer_stop
 .text.app_util_critical_region_enter
                0x0000000000027150       0x48 Output/Sensor Release/Obj/app_util_platform.o
                0x0000000000027150                app_util_critical_region_enter
 .text.app_util_critical_region_exit
                0x0000000000027198       0x2c Output/Sensor Release/Obj/app_util_platform.o
                0x0000000000027198                app_util_critical_region_exit
 .text.nrf_atflags_set
                0x00000000000271c4       0x12 Output/Sensor Release/Obj/nrf_atflags.o
                0x00000000000271c4                nrf_atflags_set
 .text.nrf_atflags_clear
                0x00000000000271d6       0x14 Output/Sensor Release/Obj/nrf_atflags.o
                0x00000000000271d6                nrf_atflags_clear
 .text.nrf_atflags_get
                0x00000000000271ea       0x12 Output/Sensor Release/Obj/nrf_atflags.o
                0x00000000000271ea                nrf_atflags_get
 .text.nrf_atomic_u32_fetch_store
                0x00000000000271fc       0x14 Output/Sensor Release/Obj/nrf_atomic.o
                0x00000000000271fc                nrf_atomic_u32_fetch_store
 .text.nrf_atomic_u32_or
                0x0000000000027210       0x16 Output/Sensor Release/Obj/nrf_atomic.o
                0x0000000000027210                nrf_atomic_u32_or
 .text.nrf_atomic_u32_fetch_and
                0x0000000000027226       0x16 Output/Sensor Release/Obj/nrf_atomic.o
                0x0000000000027226                nrf_atomic_u32_fetch_and
 .text.nrf_atomic_u32_and
                0x000000000002723c       0x16 Output/Sensor Release/Obj/nrf_atomic.o
                0x000000000002723c                nrf_atomic_u32_and
 .text.nrf_atomic_u32_add
                0x0000000000027252       0x16 Output/Sensor Release/Obj/nrf_atomic.o
                0x0000000000027252                nrf_atomic_u32_add
 .text.nrf_atomic_u32_sub
                0x0000000000027268       0x16 Output/Sensor Release/Obj/nrf_atomic.o
                0x0000000000027268                nrf_atomic_u32_sub
 .text.nrf_atomic_flag_set
                0x000000000002727e        0x6 Output/Sensor Release/Obj/nrf_atomic.o
                0x000000000002727e                nrf_atomic_flag_set
 .text.nrf_atomic_flag_clear_fetch
                0x0000000000027284        0x6 Output/Sensor Release/Obj/nrf_atomic.o
                0x0000000000027284                nrf_atomic_flag_clear_fetch
 .text.nrf_balloc_init
                0x000000000002728a       0x2e Output/Sensor Release/Obj/nrf_balloc.o
                0x000000000002728a                nrf_balloc_init
 .text.nrf_balloc_alloc
                0x00000000000272b8       0x46 Output/Sensor Release/Obj/nrf_balloc.o
                0x00000000000272b8                nrf_balloc_alloc
 .text.nrf_balloc_free
                0x00000000000272fe       0x32 Output/Sensor Release/Obj/nrf_balloc.o
                0x00000000000272fe                nrf_balloc_free
 .text.memobj_op
                0x0000000000027330       0x82 Output/Sensor Release/Obj/nrf_memobj.o
 .text.nrf_memobj_pool_init
                0x00000000000273b2        0x4 Output/Sensor Release/Obj/nrf_memobj.o
                0x00000000000273b2                nrf_memobj_pool_init
 .text.nrf_memobj_free
                0x00000000000273b6       0x2c Output/Sensor Release/Obj/nrf_memobj.o
                0x00000000000273b6                nrf_memobj_free
 .text.nrf_memobj_alloc
                0x00000000000273e2       0x5e Output/Sensor Release/Obj/nrf_memobj.o
                0x00000000000273e2                nrf_memobj_alloc
 .text.nrf_memobj_get
                0x0000000000027440        0x8 Output/Sensor Release/Obj/nrf_memobj.o
                0x0000000000027440                nrf_memobj_get
 .text.nrf_memobj_put
                0x0000000000027448       0x1e Output/Sensor Release/Obj/nrf_memobj.o
                0x0000000000027448                nrf_memobj_put
 .text.nrf_memobj_write
                0x0000000000027466       0x16 Output/Sensor Release/Obj/nrf_memobj.o
                0x0000000000027466                nrf_memobj_write
 .text.sd_app_evt_wait
                0x000000000002747c        0x4 Output/Sensor Release/Obj/nrf_pwr_mgmt.o
 .text.nrf_pwr_mgmt_init
                0x0000000000027480       0x2c Output/Sensor Release/Obj/nrf_pwr_mgmt.o
                0x0000000000027480                nrf_pwr_mgmt_init
 .text.nrf_pwr_mgmt_run
                0x00000000000274ac       0x4c Output/Sensor Release/Obj/nrf_pwr_mgmt.o
                0x00000000000274ac                nrf_pwr_mgmt_run
 .text.nrf_ringbuf_init
                0x00000000000274f8       0x12 Output/Sensor Release/Obj/nrf_ringbuf.o
                0x00000000000274f8                nrf_ringbuf_init
 .text.nrf_section_iter_init
                0x000000000002750a       0x14 Output/Sensor Release/Obj/nrf_section_iter.o
                0x000000000002750a                nrf_section_iter_init
 .text.nrf_section_iter_next
                0x000000000002751e       0x18 Output/Sensor Release/Obj/nrf_section_iter.o
                0x000000000002751e                nrf_section_iter_next
 *fill*         0x0000000000027536        0x2 
 .text.nrf_strerror_find
                0x0000000000027538       0x3c Output/Sensor Release/Obj/nrf_strerror.o
                0x0000000000027538                nrf_strerror_find
 .text.nrf_strerror_get
                0x0000000000027574       0x14 Output/Sensor Release/Obj/nrf_strerror.o
                0x0000000000027574                nrf_strerror_get
 .text.errata_98
                0x0000000000027588       0x20 Output/Sensor Release/Obj/system_nrf52840.o
 .text.SystemInit
                0x00000000000275a8      0x1b8 Output/Sensor Release/Obj/system_nrf52840.o
                0x00000000000275a8                SystemInit
 .text.bsp_board_led_on
                0x0000000000027760       0x28 Output/Sensor Release/Obj/boards.o
                0x0000000000027760                bsp_board_led_on
 .text.bsp_board_led_off
                0x0000000000027788       0x28 Output/Sensor Release/Obj/boards.o
                0x0000000000027788                bsp_board_led_off
 .text.bsp_board_leds_off
                0x00000000000277b0       0x1e Output/Sensor Release/Obj/boards.o
                0x00000000000277b0                bsp_board_leds_off
 *fill*         0x00000000000277ce        0x2 
 .text.bsp_board_init
                0x00000000000277d0       0xac Output/Sensor Release/Obj/boards.o
                0x00000000000277d0                bsp_board_init
 .text.clock_clk_started_notify
                0x000000000002787c       0x28 Output/Sensor Release/Obj/nrf_drv_clock.o
 .text.clock_irq_handler
                0x00000000000278a4       0x1c Output/Sensor Release/Obj/nrf_drv_clock.o
 .text.soc_evt_handler
                0x00000000000278c0       0x14 Output/Sensor Release/Obj/nrf_drv_clock.o
 .text.nrf_drv_clock_init
                0x00000000000278d4       0x38 Output/Sensor Release/Obj/nrf_drv_clock.o
                0x00000000000278d4                nrf_drv_clock_init
 .text.nrf_drv_clock_lfclk_release
                0x000000000002790c       0x30 Output/Sensor Release/Obj/nrf_drv_clock.o
                0x000000000002790c                nrf_drv_clock_lfclk_release
 .text.sd_state_evt_handler
                0x000000000002793c       0x58 Output/Sensor Release/Obj/nrf_drv_clock.o
 .text.nrfx_clock_init
                0x0000000000027994       0x1c Output/Sensor Release/Obj/nrfx_clock.o
                0x0000000000027994                nrfx_clock_init
 .text.nrfx_clock_enable
                0x00000000000279b0       0x24 Output/Sensor Release/Obj/nrfx_clock.o
                0x00000000000279b0                nrfx_clock_enable
 .text.nrfx_clock_lfclk_stop
                0x00000000000279d4       0x18 Output/Sensor Release/Obj/nrfx_clock.o
                0x00000000000279d4                nrfx_clock_lfclk_stop
 .text.POWER_CLOCK_IRQHandler
                0x00000000000279ec       0x64 Output/Sensor Release/Obj/nrfx_clock.o
                0x00000000000279ec                POWER_CLOCK_IRQHandler
 .text.nrf_gpiote_event_clear
                0x0000000000027a50       0x18 Output/Sensor Release/Obj/nrfx_gpiote.o
 .text.nrf_gpio_pin_port_decode
                0x0000000000027a68       0x18 Output/Sensor Release/Obj/nrfx_gpiote.o
 .text.nrf_gpio_cfg_sense_set
                0x0000000000027a80       0x32 Output/Sensor Release/Obj/nrfx_gpiote.o
 *fill*         0x0000000000027ab2        0x2 
 .text.channel_free
                0x0000000000027ab4       0x1c Output/Sensor Release/Obj/nrfx_gpiote.o
 .text.nrfx_gpiote_init
                0x0000000000027ad0       0x6c Output/Sensor Release/Obj/nrfx_gpiote.o
                0x0000000000027ad0                nrfx_gpiote_init
 .text.nrfx_gpiote_is_init
                0x0000000000027b3c       0x14 Output/Sensor Release/Obj/nrfx_gpiote.o
                0x0000000000027b3c                nrfx_gpiote_is_init
 .text.nrfx_gpiote_in_init
                0x0000000000027b50      0x10c Output/Sensor Release/Obj/nrfx_gpiote.o
                0x0000000000027b50                nrfx_gpiote_in_init
 .text.nrfx_gpiote_in_event_enable
                0x0000000000027c5c       0x94 Output/Sensor Release/Obj/nrfx_gpiote.o
                0x0000000000027c5c                nrfx_gpiote_in_event_enable
 .text.nrfx_gpiote_in_event_disable
                0x0000000000027cf0       0x44 Output/Sensor Release/Obj/nrfx_gpiote.o
                0x0000000000027cf0                nrfx_gpiote_in_event_disable
 .text.nrfx_gpiote_in_is_set
                0x0000000000027d34       0x20 Output/Sensor Release/Obj/nrfx_gpiote.o
                0x0000000000027d34                nrfx_gpiote_in_is_set
 .text.GPIOTE_IRQHandler
                0x0000000000027d54      0x1a4 Output/Sensor Release/Obj/nrfx_gpiote.o
                0x0000000000027d54                GPIOTE_IRQHandler
 .text.UARTE0_UART0_IRQHandler
                0x0000000000027ef8        0xc Output/Sensor Release/Obj/nrfx_prs.o
                0x0000000000027ef8                UARTE0_UART0_IRQHandler
 .text.nrf_saadc_event_clear
                0x0000000000027f04       0x18 Output/Sensor Release/Obj/nrfx_saadc.o
 .text.SAADC_IRQHandler
                0x0000000000027f1c      0x164 Output/Sensor Release/Obj/nrfx_saadc.o
                0x0000000000027f1c                SAADC_IRQHandler
 .text.nrfx_saadc_init
                0x0000000000028080       0x88 Output/Sensor Release/Obj/nrfx_saadc.o
                0x0000000000028080                nrfx_saadc_init
 .text.nrfx_saadc_channel_init
                0x0000000000028108       0x90 Output/Sensor Release/Obj/nrfx_saadc.o
                0x0000000000028108                nrfx_saadc_channel_init
 .text.nrfx_saadc_buffer_convert
                0x0000000000028198       0xa8 Output/Sensor Release/Obj/nrfx_saadc.o
                0x0000000000028198                nrfx_saadc_buffer_convert
 .text.nrfx_saadc_sample
                0x0000000000028240       0x30 Output/Sensor Release/Obj/nrfx_saadc.o
                0x0000000000028240                nrfx_saadc_sample
 .text.nrfx_saadc_limits_set
                0x0000000000028270       0x78 Output/Sensor Release/Obj/nrfx_saadc.o
                0x0000000000028270                nrfx_saadc_limits_set
 .text.nrfx_saadc_channel_uninit
                0x00000000000282e8       0x54 Output/Sensor Release/Obj/nrfx_saadc.o
                0x00000000000282e8                nrfx_saadc_channel_uninit
 .text.nrfx_saadc_uninit
                0x000000000002833c       0x64 Output/Sensor Release/Obj/nrfx_saadc.o
                0x000000000002833c                nrfx_saadc_uninit
 .text.nrf_drv_ppi_uninit
                0x00000000000283a0       0x1c Output/Sensor Release/Obj/nrf_drv_ppi.o
                0x00000000000283a0                nrf_drv_ppi_uninit
 .text.nrfx_ppi_free_all
                0x00000000000283bc       0x54 Output/Sensor Release/Obj/nrfx_ppi.o
                0x00000000000283bc                nrfx_ppi_free_all
 .text.nrfx_ppi_channel_disable
                0x0000000000028410       0x64 Output/Sensor Release/Obj/nrfx_ppi.o
                0x0000000000028410                nrfx_ppi_channel_disable
 .text.irq_handler.constprop.0
                0x0000000000028474       0x4c Output/Sensor Release/Obj/nrfx_timer.o
 .text.TIMER0_IRQHandler
                0x00000000000284c0       0x10 Output/Sensor Release/Obj/nrfx_timer.o
                0x00000000000284c0                TIMER0_IRQHandler
 .text.TIMER1_IRQHandler
                0x00000000000284d0       0x10 Output/Sensor Release/Obj/nrfx_timer.o
                0x00000000000284d0                TIMER1_IRQHandler
 .text.sd_ble_gap_adv_set_configure
                0x00000000000284e0        0x4 Output/Sensor Release/Obj/main.o
 .text.sd_ble_gap_adv_start
                0x00000000000284e4        0x4 Output/Sensor Release/Obj/main.o
 .text.sd_ble_gap_disconnect
                0x00000000000284e8        0x4 Output/Sensor Release/Obj/main.o
 .text.sd_ble_gap_ppcp_set
                0x00000000000284ec        0x4 Output/Sensor Release/Obj/main.o
 .text.sd_ble_gap_device_name_set
                0x00000000000284f0        0x4 Output/Sensor Release/Obj/main.o
 .text.sd_ble_gap_sec_params_reply
                0x00000000000284f4        0x4 Output/Sensor Release/Obj/main.o
 .text.sd_ble_gap_phy_update
                0x00000000000284f8        0x4 Output/Sensor Release/Obj/main.o
 .text.sd_ble_gatts_sys_attr_set
                0x00000000000284fc        0x4 Output/Sensor Release/Obj/main.o
 .text.nrf_qwr_error_handler
                0x0000000000028500        0x4 Output/Sensor Release/Obj/main.o
 .text.advertising_start
                0x0000000000028504       0x1c Output/Sensor Release/Obj/main.o
 .text.ble_evt_handler
                0x0000000000028520       0xd8 Output/Sensor Release/Obj/main.o
 .text.on_conn_params_evt
                0x00000000000285f8       0x20 Output/Sensor Release/Obj/main.o
 .text.button_event_handler
                0x0000000000028618       0x5c Output/Sensor Release/Obj/main.o
 .text.adc_read_handler
                0x0000000000028674       0x78 Output/Sensor Release/Obj/main.o
 .text.conn_params_error_handler
                0x00000000000286ec        0x4 Output/Sensor Release/Obj/main.o
 .text.buttons_init
                0x00000000000286f0       0x20 Output/Sensor Release/Obj/main.o
                0x00000000000286f0                buttons_init
 .text.startup.main
                0x0000000000028710      0x1f4 Output/Sensor Release/Obj/main.o
                0x0000000000028710                main
 .text.saadc_callback
                0x0000000000028904       0x1a Output/Sensor Release/Obj/ADC.o
                0x0000000000028904                saadc_callback
 *fill*         0x000000000002891e        0x2 
 .text.saadc_init
                0x0000000000028920       0x50 Output/Sensor Release/Obj/ADC.o
                0x0000000000028920                saadc_init
 .text.saadc_sampling_trigger
                0x0000000000028970       0x12 Output/Sensor Release/Obj/ADC.o
                0x0000000000028970                saadc_sampling_trigger
 *fill*         0x0000000000028982        0x2 
 .text.saadc_stop
                0x0000000000028984       0x5c Output/Sensor Release/Obj/ADC.o
                0x0000000000028984                saadc_stop
 .text.power_management_init
                0x00000000000289e0       0x18 Output/Sensor Release/Obj/POWER_MANAGEMENT.o
                0x00000000000289e0                power_management_init
 .text.idle_state_handle
                0x00000000000289f8       0x12 Output/Sensor Release/Obj/POWER_MANAGEMENT.o
                0x00000000000289f8                idle_state_handle
 *fill*         0x0000000000028a0a        0x2 
 .text.nrf_delay_ms.part.0.constprop.1
                0x0000000000028a0c       0x1c Output/Sensor Release/Obj/PERIPHERY.o
 .text.timers_init
                0x0000000000028a28       0x12 Output/Sensor Release/Obj/PERIPHERY.o
                0x0000000000028a28                timers_init
 .text.leds_init
                0x0000000000028a3a        0x6 Output/Sensor Release/Obj/PERIPHERY.o
                0x0000000000028a3a                leds_init
 .text.sensor_on
                0x0000000000028a40       0x10 Output/Sensor Release/Obj/PERIPHERY.o
                0x0000000000028a40                sensor_on
 .text.gpio_init
                0x0000000000028a50       0x10 Output/Sensor Release/Obj/PERIPHERY.o
                0x0000000000028a50                gpio_init
 .text.LED_ON   0x0000000000028a60       0x7a Output/Sensor Release/Obj/PERIPHERY.o
                0x0000000000028a60                LED_ON
 .text.sd_ble_gap_addr_get
                0x0000000000028ada        0x4 Output/Sensor Release/Obj/ble_advdata.o
 .text.sd_ble_gap_appearance_get
                0x0000000000028ade        0x4 Output/Sensor Release/Obj/ble_advdata.o
 .text.sd_ble_gap_device_name_get
                0x0000000000028ae2        0x4 Output/Sensor Release/Obj/ble_advdata.o
 .text.sd_ble_uuid_encode
                0x0000000000028ae6        0x4 Output/Sensor Release/Obj/ble_advdata.o
 .text.uuid_list_sized_encode
                0x0000000000028aea       0xa4 Output/Sensor Release/Obj/ble_advdata.o
 .text.uuid_list_encode
                0x0000000000028b8e       0x34 Output/Sensor Release/Obj/ble_advdata.o
 .text.ble_advdata_encode
                0x0000000000028bc2      0x392 Output/Sensor Release/Obj/ble_advdata.o
                0x0000000000028bc2                ble_advdata_encode
 .text.sd_ble_gap_conn_param_update
                0x0000000000028f54        0x4 Output/Sensor Release/Obj/ble_conn_params.o
 .text.sd_ble_gap_disconnect
                0x0000000000028f58        0x4 Output/Sensor Release/Obj/ble_conn_params.o
 .text.sd_ble_gap_ppcp_set
                0x0000000000028f5c        0x4 Output/Sensor Release/Obj/ble_conn_params.o
 .text.sd_ble_gap_ppcp_get
                0x0000000000028f60        0x4 Output/Sensor Release/Obj/ble_conn_params.o
 .text.instance_get
                0x0000000000028f64       0x14 Output/Sensor Release/Obj/ble_conn_params.o
 .text.send_error_evt
                0x0000000000028f78       0x10 Output/Sensor Release/Obj/ble_conn_params.o
 .text.update_timeout_handler
                0x0000000000028f88       0x6c Output/Sensor Release/Obj/ble_conn_params.o
 .text.conn_params_negotiation
                0x0000000000028ff4       0x48 Output/Sensor Release/Obj/ble_conn_params.o
 .text.is_conn_params_ok.constprop.3
                0x000000000002903c       0x3c Output/Sensor Release/Obj/ble_conn_params.o
 .text.ble_evt_handler
                0x0000000000029078       0xe0 Output/Sensor Release/Obj/ble_conn_params.o
 .text.ble_conn_params_init
                0x0000000000029158       0x74 Output/Sensor Release/Obj/ble_conn_params.o
                0x0000000000029158                ble_conn_params_init
 .text.conn_handle_list_get
                0x00000000000291cc       0x2e Output/Sensor Release/Obj/ble_conn_state.o
                0x00000000000291cc                conn_handle_list_get
 *fill*         0x00000000000291fa        0x2 
 .text.ble_evt_handler
                0x00000000000291fc       0xd8 Output/Sensor Release/Obj/ble_conn_state.o
 .text.sd_ble_gatts_characteristic_add
                0x00000000000292d4        0x4 Output/Sensor Release/Obj/ble_srv_common.o
 .text.set_security_req
                0x00000000000292d8       0x2a Output/Sensor Release/Obj/ble_srv_common.o
 .text.ble_srv_is_notification_enabled
                0x0000000000029302        0x8 Output/Sensor Release/Obj/ble_srv_common.o
                0x0000000000029302                ble_srv_is_notification_enabled
 .text.characteristic_add
                0x000000000002930a      0x146 Output/Sensor Release/Obj/ble_srv_common.o
                0x000000000002930a                characteristic_add
 .text.sd_ble_gap_data_length_update
                0x0000000000029450        0x4 Output/Sensor Release/Obj/nrf_ble_gatt.o
 .text.sd_ble_gattc_exchange_mtu_request
                0x0000000000029454        0x4 Output/Sensor Release/Obj/nrf_ble_gatt.o
 .text.sd_ble_gatts_exchange_mtu_reply
                0x0000000000029458        0x4 Output/Sensor Release/Obj/nrf_ble_gatt.o
 .text.data_length_update
                0x000000000002945c       0x7c Output/Sensor Release/Obj/nrf_ble_gatt.o
 .text.nrf_ble_gatt_init
                0x00000000000294d8       0x28 Output/Sensor Release/Obj/nrf_ble_gatt.o
                0x00000000000294d8                nrf_ble_gatt_init
 .text.nrf_ble_gatt_on_ble_evt
                0x0000000000029500      0x1ac Output/Sensor Release/Obj/nrf_ble_gatt.o
                0x0000000000029500                nrf_ble_gatt_on_ble_evt
 .text.sd_ble_gatts_rw_authorize_reply
                0x00000000000296ac        0x4 Output/Sensor Release/Obj/nrf_ble_qwr.o
 .text.sd_ble_user_mem_reply
                0x00000000000296b0        0x4 Output/Sensor Release/Obj/nrf_ble_qwr.o
 .text.user_mem_reply.part.0
                0x00000000000296b4       0x24 Output/Sensor Release/Obj/nrf_ble_qwr.o
 .text.nrf_ble_qwr_init
                0x00000000000296d8       0x24 Output/Sensor Release/Obj/nrf_ble_qwr.o
                0x00000000000296d8                nrf_ble_qwr_init
 .text.nrf_ble_qwr_conn_handle_assign
                0x00000000000296fc       0x16 Output/Sensor Release/Obj/nrf_ble_qwr.o
                0x00000000000296fc                nrf_ble_qwr_conn_handle_assign
 .text.nrf_ble_qwr_on_ble_evt
                0x0000000000029712       0xa0 Output/Sensor Release/Obj/nrf_ble_qwr.o
                0x0000000000029712                nrf_ble_qwr_on_ble_evt
 .text.sd_ble_gatts_service_add
                0x00000000000297b2        0x4 Output/Sensor Release/Obj/ble_lbs.o
 .text.sd_ble_gatts_hvx
                0x00000000000297b6        0x4 Output/Sensor Release/Obj/ble_lbs.o
 .text.sd_ble_uuid_vs_add
                0x00000000000297ba        0x4 Output/Sensor Release/Obj/ble_lbs.o
 .text.ble_lbs_on_ble_evt
                0x00000000000297be       0x2a Output/Sensor Release/Obj/ble_lbs.o
                0x00000000000297be                ble_lbs_on_ble_evt
 .text.ble_lbs_init
                0x00000000000297e8       0xd0 Output/Sensor Release/Obj/ble_lbs.o
                0x00000000000297e8                ble_lbs_init
 .text.ble_lbs_on_button_change
                0x00000000000298b8       0x40 Output/Sensor Release/Obj/ble_lbs.o
                0x00000000000298b8                ble_lbs_on_button_change
 .text.sd_softdevice_enable
                0x00000000000298f8        0x4 Output/Sensor Release/Obj/nrf_sdh.o
 .text.sdh_request_observer_notify
                0x00000000000298fc       0x30 Output/Sensor Release/Obj/nrf_sdh.o
 .text.sdh_state_observer_notify
                0x000000000002992c       0x28 Output/Sensor Release/Obj/nrf_sdh.o
 .text.softdevices_evt_irq_enable
                0x0000000000029954       0x38 Output/Sensor Release/Obj/nrf_sdh.o
 .text.nrf_sdh_enable_request
                0x000000000002998c       0x78 Output/Sensor Release/Obj/nrf_sdh.o
                0x000000000002998c                nrf_sdh_enable_request
 .text.nrf_sdh_is_enabled
                0x0000000000029a04        0xc Output/Sensor Release/Obj/nrf_sdh.o
                0x0000000000029a04                nrf_sdh_is_enabled
 .text.nrf_sdh_evts_poll
                0x0000000000029a10       0x28 Output/Sensor Release/Obj/nrf_sdh.o
                0x0000000000029a10                nrf_sdh_evts_poll
 .text.SWI2_EGU2_IRQHandler
                0x0000000000029a38        0x4 Output/Sensor Release/Obj/nrf_sdh.o
                0x0000000000029a38                SWI2_EGU2_IRQHandler
 .text.sd_ble_enable
                0x0000000000029a3c        0x4 Output/Sensor Release/Obj/nrf_sdh_ble.o
 .text.sd_ble_cfg_set
                0x0000000000029a40        0x4 Output/Sensor Release/Obj/nrf_sdh_ble.o
 .text.sd_ble_evt_get
                0x0000000000029a44        0x4 Output/Sensor Release/Obj/nrf_sdh_ble.o
 .text.nrf_sdh_ble_evts_poll
                0x0000000000029a48       0x50 Output/Sensor Release/Obj/nrf_sdh_ble.o
 .text.nrf_sdh_ble_default_cfg_set
                0x0000000000029a98      0x164 Output/Sensor Release/Obj/nrf_sdh_ble.o
                0x0000000000029a98                nrf_sdh_ble_default_cfg_set
 .text.nrf_sdh_ble_enable
                0x0000000000029bfc       0x94 Output/Sensor Release/Obj/nrf_sdh_ble.o
                0x0000000000029bfc                nrf_sdh_ble_enable
 .text.sd_evt_get
                0x0000000000029c90        0x4 Output/Sensor Release/Obj/nrf_sdh_soc.o
 .text.nrf_sdh_soc_evts_poll
                0x0000000000029c94       0x3c Output/Sensor Release/Obj/nrf_sdh_soc.o
 .text.libc.memcpy
                0x0000000000029cd0       0x52 C:/Program Files/SEGGER/SEGGER Embedded Studio for ARM 4.12/lib/libc_v7em_fpv4_sp_d16_hard_t_le_eabi.a(libc2_asm.o)
                0x0000000000029cd0                __aeabi_memcpy
                0x0000000000029cd0                memcpy
                0x0000000000029cdc                __aeabi_memcpy8
                0x0000000000029cdc                __aeabi_memcpy4
 .text.libc.memset
                0x0000000000029d22       0x66 C:/Program Files/SEGGER/SEGGER Embedded Studio for ARM 4.12/lib/libc_v7em_fpv4_sp_d16_hard_t_le_eabi.a(libc2_asm.o)
                0x0000000000029d22                memset
 .text.libc.strlen
                0x0000000000029d88       0x60 C:/Program Files/SEGGER/SEGGER Embedded Studio for ARM 4.12/lib/libc_v7em_fpv4_sp_d16_hard_t_le_eabi.a(libc2_asm.o)
                0x0000000000029d88                strlen
                0x0000000000029de8                __text_end__ = (__text_start__ + SIZEOF (.text))
                0x0000000000003a10                __text_size__ = SIZEOF (.text)
                0x0000000000029de8                __text_load_end__ = __text_end__

.vfp11_veneer   0x0000000100000000        0x0
 .vfp11_veneer  0x0000000100000000        0x0 linker stubs

.v4_bx          0x0000000100000000        0x0
 .v4_bx         0x0000000100000000        0x0 linker stubs

.iplt           0x0000000100000000        0x0
 .iplt          0x0000000100000000        0x0 Output/Sensor Release/Obj/thumb_crt0.o
                0x0000000000000001                . = ASSERT (((__text_start__ == __text_end__) || ((__text_end__ >= __FLASH_segment_start__) && (__text_end__ <= __FLASH_segment_end__))), error: .text is too large to fit in FLASH memory segment)
                0x0000000000029de8                __sdh_soc_observers_load_start__ = ALIGN (__text_end__, 0x4)

.sdh_soc_observers
                0x0000000000029de8        0x8
                0x0000000000029de8                __sdh_soc_observers_start__ = .
                0x0000000000029de8                __start_sdh_soc_observers = __sdh_soc_observers_start__
 *(SORT_BY_NAME(.sdh_soc_observers*))
 .sdh_soc_observers0
                0x0000000000029de8        0x8 Output/Sensor Release/Obj/nrf_drv_clock.o
                0x0000000000029df0                __sdh_soc_observers_end__ = (__sdh_soc_observers_start__ + SIZEOF (.sdh_soc_observers))
                0x0000000000000008                __sdh_soc_observers_size__ = SIZEOF (.sdh_soc_observers)
                0x0000000000029df0                __stop_sdh_soc_observers = __sdh_soc_observers_end__
                0x0000000000029df0                __sdh_soc_observers_load_end__ = __sdh_soc_observers_end__
                0x0000000000000001                . = ASSERT (((__sdh_soc_observers_start__ == __sdh_soc_observers_end__) || ((__sdh_soc_observers_end__ >= __FLASH_segment_start__) && (__sdh_soc_observers_end__ <= __FLASH_segment_end__))), error: .sdh_soc_observers is too large to fit in FLASH memory segment)
                0x0000000000029df0                __pwr_mgmt_data_load_start__ = ALIGN (__sdh_soc_observers_end__, 0x4)

.pwr_mgmt_data  0x0000000000029df0        0x0
                0x0000000000029df0                __pwr_mgmt_data_start__ = .
                0x0000000000029df0                __start_pwr_mgmt_data = __pwr_mgmt_data_start__
 *(SORT_BY_NAME(.pwr_mgmt_data*))
                0x0000000000029df0                __pwr_mgmt_data_end__ = (__pwr_mgmt_data_start__ + SIZEOF (.pwr_mgmt_data))
                0x0000000000000000                __pwr_mgmt_data_size__ = SIZEOF (.pwr_mgmt_data)
                0x0000000000029df0                __stop_pwr_mgmt_data = __pwr_mgmt_data_end__
                0x0000000000029df0                __pwr_mgmt_data_load_end__ = __pwr_mgmt_data_end__
                0x0000000000000001                . = ASSERT (((__pwr_mgmt_data_start__ == __pwr_mgmt_data_end__) || ((__pwr_mgmt_data_end__ >= __FLASH_segment_start__) && (__pwr_mgmt_data_end__ <= __FLASH_segment_end__))), error: .pwr_mgmt_data is too large to fit in FLASH memory segment)
                0x0000000000029df0                __sdh_ble_observers_load_start__ = ALIGN (__pwr_mgmt_data_end__, 0x4)

.sdh_ble_observers
                0x0000000000029df0       0x30
                0x0000000000029df0                __sdh_ble_observers_start__ = .
                0x0000000000029df0                __start_sdh_ble_observers = __sdh_ble_observers_start__
 *(SORT_BY_NAME(.sdh_ble_observers*))
 .sdh_ble_observers0
                0x0000000000029df0        0x8 Output/Sensor Release/Obj/ble_conn_state.o
 .sdh_ble_observers1
                0x0000000000029df8        0x8 Output/Sensor Release/Obj/main.o
 .sdh_ble_observers1
                0x0000000000029e00        0x8 Output/Sensor Release/Obj/ble_conn_params.o
 .sdh_ble_observers2
                0x0000000000029e08       0x10 Output/Sensor Release/Obj/main.o
 .sdh_ble_observers3
                0x0000000000029e18        0x8 Output/Sensor Release/Obj/main.o
                0x0000000000029e20                __sdh_ble_observers_end__ = (__sdh_ble_observers_start__ + SIZEOF (.sdh_ble_observers))
                0x0000000000000030                __sdh_ble_observers_size__ = SIZEOF (.sdh_ble_observers)
                0x0000000000029e20                __stop_sdh_ble_observers = __sdh_ble_observers_end__
                0x0000000000029e20                __sdh_ble_observers_load_end__ = __sdh_ble_observers_end__
                0x0000000000000001                . = ASSERT (((__sdh_ble_observers_start__ == __sdh_ble_observers_end__) || ((__sdh_ble_observers_end__ >= __FLASH_segment_start__) && (__sdh_ble_observers_end__ <= __FLASH_segment_end__))), error: .sdh_ble_observers is too large to fit in FLASH memory segment)
                0x0000000000029e20                __sdh_req_observers_load_start__ = ALIGN (__sdh_ble_observers_end__, 0x4)

.sdh_req_observers
                0x0000000000029e20        0x0
                0x0000000000029e20                __sdh_req_observers_start__ = .
                0x0000000000029e20                __start_sdh_req_observers = __sdh_req_observers_start__
 *(SORT_BY_NAME(.sdh_req_observers*))
                0x0000000000029e20                __sdh_req_observers_end__ = (__sdh_req_observers_start__ + SIZEOF (.sdh_req_observers))
                0x0000000000000000                __sdh_req_observers_size__ = SIZEOF (.sdh_req_observers)
                0x0000000000029e20                __stop_sdh_req_observers = __sdh_req_observers_end__
                0x0000000000029e20                __sdh_req_observers_load_end__ = __sdh_req_observers_end__
                0x0000000000000001                . = ASSERT (((__sdh_req_observers_start__ == __sdh_req_observers_end__) || ((__sdh_req_observers_end__ >= __FLASH_segment_start__) && (__sdh_req_observers_end__ <= __FLASH_segment_end__))), error: .sdh_req_observers is too large to fit in FLASH memory segment)
                0x0000000000029e20                __sdh_state_observers_load_start__ = ALIGN (__sdh_req_observers_end__, 0x4)

.sdh_state_observers
                0x0000000000029e20        0x8
                0x0000000000029e20                __sdh_state_observers_start__ = .
                0x0000000000029e20                __start_sdh_state_observers = __sdh_state_observers_start__
 *(SORT_BY_NAME(.sdh_state_observers*))
 .sdh_state_observers0
                0x0000000000029e20        0x8 Output/Sensor Release/Obj/nrf_drv_clock.o
                0x0000000000029e28                __sdh_state_observers_end__ = (__sdh_state_observers_start__ + SIZEOF (.sdh_state_observers))
                0x0000000000000008                __sdh_state_observers_size__ = SIZEOF (.sdh_state_observers)
                0x0000000000029e28                __stop_sdh_state_observers = __sdh_state_observers_end__
                0x0000000000029e28                __sdh_state_observers_load_end__ = __sdh_state_observers_end__
                0x0000000000000001                . = ASSERT (((__sdh_state_observers_start__ == __sdh_state_observers_end__) || ((__sdh_state_observers_end__ >= __FLASH_segment_start__) && (__sdh_state_observers_end__ <= __FLASH_segment_end__))), error: .sdh_state_observers is too large to fit in FLASH memory segment)
                0x0000000000029e28                __sdh_stack_observers_load_start__ = ALIGN (__sdh_state_observers_end__, 0x4)

.sdh_stack_observers
                0x0000000000029e28       0x10
                0x0000000000029e28                __sdh_stack_observers_start__ = .
                0x0000000000029e28                __start_sdh_stack_observers = __sdh_stack_observers_start__
 *(SORT_BY_NAME(.sdh_stack_observers*))
 .sdh_stack_observers0
                0x0000000000029e28        0x8 Output/Sensor Release/Obj/nrf_sdh_ble.o
 .sdh_stack_observers0
                0x0000000000029e30        0x8 Output/Sensor Release/Obj/nrf_sdh_soc.o
                0x0000000000029e38                __sdh_stack_observers_end__ = (__sdh_stack_observers_start__ + SIZEOF (.sdh_stack_observers))
                0x0000000000000010                __sdh_stack_observers_size__ = SIZEOF (.sdh_stack_observers)
                0x0000000000029e38                __stop_sdh_stack_observers = __sdh_stack_observers_end__
                0x0000000000029e38                __sdh_stack_observers_load_end__ = __sdh_stack_observers_end__
                0x0000000000000001                . = ASSERT (((__sdh_stack_observers_start__ == __sdh_stack_observers_end__) || ((__sdh_stack_observers_end__ >= __FLASH_segment_start__) && (__sdh_stack_observers_end__ <= __FLASH_segment_end__))), error: .sdh_stack_observers is too large to fit in FLASH memory segment)
                0x0000000000029e38                __nrf_queue_load_start__ = ALIGN (__sdh_stack_observers_end__, 0x4)

.nrf_queue      0x0000000000029e38        0x0
                0x0000000000029e38                __nrf_queue_start__ = .
                0x0000000000029e38                __start_nrf_queue = __nrf_queue_start__
 *(.nrf_queue*)
                0x0000000000029e38                __nrf_queue_end__ = (__nrf_queue_start__ + SIZEOF (.nrf_queue))
                0x0000000000000000                __nrf_queue_size__ = SIZEOF (.nrf_queue)
                0x0000000000029e38                __stop_nrf_queue = __nrf_queue_end__
                0x0000000000029e38                __nrf_queue_load_end__ = __nrf_queue_end__
                0x0000000000000001                . = ASSERT (((__nrf_queue_start__ == __nrf_queue_end__) || ((__nrf_queue_end__ >= __FLASH_segment_start__) && (__nrf_queue_end__ <= __FLASH_segment_end__))), error: .nrf_queue is too large to fit in FLASH memory segment)
                0x0000000000029e38                __nrf_balloc_load_start__ = ALIGN (__nrf_queue_end__, 0x4)

.nrf_balloc     0x0000000000029e38       0x14
                0x0000000000029e38                __nrf_balloc_start__ = .
                0x0000000000029e38                __start_nrf_balloc = __nrf_balloc_start__
 *(.nrf_balloc*)
 .nrf_balloc    0x0000000000029e38       0x14 Output/Sensor Release/Obj/nrf_log_frontend.o
                0x0000000000029e38                log_mempool
                0x0000000000029e4c                __nrf_balloc_end__ = (__nrf_balloc_start__ + SIZEOF (.nrf_balloc))
                0x0000000000000014                __nrf_balloc_size__ = SIZEOF (.nrf_balloc)
                0x0000000000029e4c                __stop_nrf_balloc = __nrf_balloc_end__
                0x0000000000029e4c                __nrf_balloc_load_end__ = __nrf_balloc_end__
                0x0000000000000001                . = ASSERT (((__nrf_balloc_start__ == __nrf_balloc_end__) || ((__nrf_balloc_end__ >= __FLASH_segment_start__) && (__nrf_balloc_end__ <= __FLASH_segment_end__))), error: .nrf_balloc is too large to fit in FLASH memory segment)
                0x0000000000029e4c                __cli_command_load_start__ = ALIGN (__nrf_balloc_end__, 0x4)

.cli_command    0x0000000000029e4c        0x0
                0x0000000000029e4c                __cli_command_start__ = .
                0x0000000000029e4c                __start_cli_command = __cli_command_start__
 *(.cli_command*)
                0x0000000000029e4c                __cli_command_end__ = (__cli_command_start__ + SIZEOF (.cli_command))
                0x0000000000000000                __cli_command_size__ = SIZEOF (.cli_command)
                0x0000000000029e4c                __stop_cli_command = __cli_command_end__
                0x0000000000029e4c                __cli_command_load_end__ = __cli_command_end__
                0x0000000000000001                . = ASSERT (((__cli_command_start__ == __cli_command_end__) || ((__cli_command_end__ >= __FLASH_segment_start__) && (__cli_command_end__ <= __FLASH_segment_end__))), error: .cli_command is too large to fit in FLASH memory segment)
                0x0000000000029e4c                __crypto_data_load_start__ = ALIGN (__cli_command_end__, 0x4)

.crypto_data    0x0000000000029e4c        0x0
                0x0000000000029e4c                __crypto_data_start__ = .
                0x0000000000029e4c                __start_crypto_data = __crypto_data_start__
 *(SORT_BY_NAME(.crypto_data*))
                0x0000000000029e4c                __crypto_data_end__ = (__crypto_data_start__ + SIZEOF (.crypto_data))
                0x0000000000000000                __crypto_data_size__ = SIZEOF (.crypto_data)
                0x0000000000029e4c                __stop_crypto_data = __crypto_data_end__
                0x0000000000029e4c                __crypto_data_load_end__ = __crypto_data_end__
                0x0000000000000001                . = ASSERT (((__crypto_data_start__ == __crypto_data_end__) || ((__crypto_data_end__ >= __FLASH_segment_start__) && (__crypto_data_end__ <= __FLASH_segment_end__))), error: .crypto_data is too large to fit in FLASH memory segment)
                0x0000000000029e4c                __log_const_data_load_start__ = ALIGN (__crypto_data_end__, 0x4)

.log_const_data
                0x0000000000029e4c       0x68
                0x0000000000029e4c                __log_const_data_start__ = .
                0x0000000000029e4c                __start_log_const_data = __log_const_data_start__
 *(SORT_BY_NAME(.log_const_data*))
 .log_const_data_CLOCK
                0x0000000000029e4c        0x8 Output/Sensor Release/Obj/nrfx_clock.o
                0x0000000000029e4c                m_nrf_log_CLOCK_logs_data_const
 .log_const_data_GPIOTE
                0x0000000000029e54        0x8 Output/Sensor Release/Obj/nrfx_gpiote.o
                0x0000000000029e54                m_nrf_log_GPIOTE_logs_data_const
 .log_const_data_PPI
                0x0000000000029e5c        0x8 Output/Sensor Release/Obj/nrfx_ppi.o
                0x0000000000029e5c                m_nrf_log_PPI_logs_data_const
 .log_const_data_PRS
                0x0000000000029e64        0x8 Output/Sensor Release/Obj/nrfx_prs.o
                0x0000000000029e64                m_nrf_log_PRS_logs_data_const
 .log_const_data_SAADC
                0x0000000000029e6c        0x8 Output/Sensor Release/Obj/nrfx_saadc.o
                0x0000000000029e6c                m_nrf_log_SAADC_logs_data_const
 .log_const_data_TIMER
                0x0000000000029e74        0x8 Output/Sensor Release/Obj/nrfx_timer.o
                0x0000000000029e74                m_nrf_log_TIMER_logs_data_const
 .log_const_data_app
                0x0000000000029e7c        0x8 Output/Sensor Release/Obj/nrf_log_frontend.o
                0x0000000000029e7c                m_nrf_log_app_logs_data_const
 .log_const_data_clock
                0x0000000000029e84        0x8 Output/Sensor Release/Obj/nrf_drv_clock.o
                0x0000000000029e84                m_nrf_log_clock_logs_data_const
 .log_const_data_nrf_ble_gatt
                0x0000000000029e8c        0x8 Output/Sensor Release/Obj/nrf_ble_gatt.o
                0x0000000000029e8c                m_nrf_log_nrf_ble_gatt_logs_data_const
 .log_const_data_nrf_sdh
                0x0000000000029e94        0x8 Output/Sensor Release/Obj/nrf_sdh.o
                0x0000000000029e94                m_nrf_log_nrf_sdh_logs_data_const
 .log_const_data_nrf_sdh_ble
                0x0000000000029e9c        0x8 Output/Sensor Release/Obj/nrf_sdh_ble.o
                0x0000000000029e9c                m_nrf_log_nrf_sdh_ble_logs_data_const
 .log_const_data_nrf_sdh_soc
                0x0000000000029ea4        0x8 Output/Sensor Release/Obj/nrf_sdh_soc.o
                0x0000000000029ea4                m_nrf_log_nrf_sdh_soc_logs_data_const
 .log_const_data_pwr_mgmt
                0x0000000000029eac        0x8 Output/Sensor Release/Obj/nrf_pwr_mgmt.o
                0x0000000000029eac                m_nrf_log_pwr_mgmt_logs_data_const
                0x0000000000029eb4                __log_const_data_end__ = (__log_const_data_start__ + SIZEOF (.log_const_data))
                0x0000000000000068                __log_const_data_size__ = SIZEOF (.log_const_data)
                0x0000000000029eb4                __stop_log_const_data = __log_const_data_end__
                0x0000000000029eb4                __log_const_data_load_end__ = __log_const_data_end__
                0x0000000000000001                . = ASSERT (((__log_const_data_start__ == __log_const_data_end__) || ((__log_const_data_end__ >= __FLASH_segment_start__) && (__log_const_data_end__ <= __FLASH_segment_end__))), error: .log_const_data is too large to fit in FLASH memory segment)
                0x0000000000029eb4                __log_backends_load_start__ = ALIGN (__log_const_data_end__, 0x4)

.log_backends   0x0000000000029eb4        0x0
                0x0000000000029eb4                __log_backends_start__ = .
                0x0000000000029eb4                __start_log_backends = __log_backends_start__
 *(SORT_BY_NAME(.log_backends*))
                0x0000000000029eb4                __log_backends_end__ = (__log_backends_start__ + SIZEOF (.log_backends))
                0x0000000000000000                __log_backends_size__ = SIZEOF (.log_backends)
                0x0000000000029eb4                __stop_log_backends = __log_backends_end__
                0x0000000000029eb4                __log_backends_load_end__ = __log_backends_end__
                0x0000000000000001                . = ASSERT (((__log_backends_start__ == __log_backends_end__) || ((__log_backends_end__ >= __FLASH_segment_start__) && (__log_backends_end__ <= __FLASH_segment_end__))), error: .log_backends is too large to fit in FLASH memory segment)
                0x0000000000029eb4                __nrf_sections_load_start__ = ALIGN (__log_backends_end__, 0x4)

.nrf_sections   0x0000000000029eb4        0x0
                0x0000000000029eb4                __nrf_sections_start__ = .
                0x0000000000029eb4                __start_nrf_sections = __nrf_sections_start__
 *(.nrf_sections .nrf_sections.*)
                0x0000000000029eb4                __nrf_sections_end__ = (__nrf_sections_start__ + SIZEOF (.nrf_sections))
                0x0000000000000000                __nrf_sections_size__ = SIZEOF (.nrf_sections)
                0x0000000000029eb4                __nrf_sections_load_end__ = __nrf_sections_end__
                0x0000000000000001                . = ASSERT (((__nrf_sections_start__ == __nrf_sections_end__) || ((__nrf_sections_end__ >= __FLASH_segment_start__) && (__nrf_sections_end__ <= __FLASH_segment_end__))), error: .nrf_sections is too large to fit in FLASH memory segment)
                0x0000000000029eb4                __cli_sorted_cmd_ptrs_load_start__ = ALIGN (__nrf_sections_end__, 0x4)

.cli_sorted_cmd_ptrs
                0x00000000200022e0        0x0 load address 0x0000000000029eb4
                0x00000000200022e0                __cli_sorted_cmd_ptrs_start__ = .
 *(.cli_sorted_cmd_ptrs*)
                0x00000000200022e0                __cli_sorted_cmd_ptrs_end__ = (__cli_sorted_cmd_ptrs_start__ + SIZEOF (.cli_sorted_cmd_ptrs))
                0x0000000000000000                __cli_sorted_cmd_ptrs_size__ = SIZEOF (.cli_sorted_cmd_ptrs)
                0x0000000000029eb4                __cli_sorted_cmd_ptrs_load_end__ = (__cli_sorted_cmd_ptrs_load_start__ + SIZEOF (.cli_sorted_cmd_ptrs))
                0x0000000000000001                . = ASSERT (((__cli_sorted_cmd_ptrs_load_start__ == __cli_sorted_cmd_ptrs_load_end__) || ((__cli_sorted_cmd_ptrs_load_end__ >= __FLASH_segment_start__) && (__cli_sorted_cmd_ptrs_load_end__ <= __FLASH_segment_end__))), error: .cli_sorted_cmd_ptrs is too large to fit in FLASH memory segment)

.cli_sorted_cmd_ptrs_run
                0x00000000200022e0        0x0
                0x00000000200022e0                __cli_sorted_cmd_ptrs_run_start__ = .
                0x00000000200022e0                __start_cli_sorted_cmd_ptrs = __cli_sorted_cmd_ptrs_run_start__
                0x00000000200022e0                . = MAX ((__cli_sorted_cmd_ptrs_run_start__ + SIZEOF (.cli_sorted_cmd_ptrs)), .)
                0x00000000200022e0                __cli_sorted_cmd_ptrs_run_end__ = (__cli_sorted_cmd_ptrs_run_start__ + SIZEOF (.cli_sorted_cmd_ptrs_run))
                0x0000000000000000                __cli_sorted_cmd_ptrs_run_size__ = SIZEOF (.cli_sorted_cmd_ptrs_run)
                0x00000000200022e0                __stop_cli_sorted_cmd_ptrs = __cli_sorted_cmd_ptrs_run_end__
                0x00000000200022e0                __cli_sorted_cmd_ptrs_run_load_end__ = __cli_sorted_cmd_ptrs_run_end__
                0x0000000000000001                . = ASSERT (((__cli_sorted_cmd_ptrs_run_start__ == __cli_sorted_cmd_ptrs_run_end__) || ((__cli_sorted_cmd_ptrs_run_end__ >= __RAM_segment_start__) && (__cli_sorted_cmd_ptrs_run_end__ <= __RAM_segment_end__))), error: .cli_sorted_cmd_ptrs_run is too large to fit in RAM memory segment)
                0x0000000000029eb4                __fs_data_load_start__ = ALIGN ((__cli_sorted_cmd_ptrs_load_start__ + SIZEOF (.cli_sorted_cmd_ptrs)), 0x4)

.fs_data        0x00000000200022e0        0x0 load address 0x0000000000029eb4
                0x00000000200022e0                __fs_data_start__ = .
 *(.fs_data*)
                0x00000000200022e0                __fs_data_end__ = (__fs_data_start__ + SIZEOF (.fs_data))
                0x0000000000000000                __fs_data_size__ = SIZEOF (.fs_data)
                0x0000000000029eb4                __fs_data_load_end__ = (__fs_data_load_start__ + SIZEOF (.fs_data))
                0x0000000000000001                . = ASSERT (((__fs_data_load_start__ == __fs_data_load_end__) || ((__fs_data_load_end__ >= __FLASH_segment_start__) && (__fs_data_load_end__ <= __FLASH_segment_end__))), error: .fs_data is too large to fit in FLASH memory segment)

.fs_data_run    0x00000000200022e0        0x0
                0x00000000200022e0                __fs_data_run_start__ = .
                0x00000000200022e0                __start_fs_data = __fs_data_run_start__
                0x00000000200022e0                . = MAX ((__fs_data_run_start__ + SIZEOF (.fs_data)), .)
                0x00000000200022e0                __fs_data_run_end__ = (__fs_data_run_start__ + SIZEOF (.fs_data_run))
                0x0000000000000000                __fs_data_run_size__ = SIZEOF (.fs_data_run)
                0x00000000200022e0                __stop_fs_data = __fs_data_run_end__
                0x00000000200022e0                __fs_data_run_load_end__ = __fs_data_run_end__
                0x0000000000000001                . = ASSERT (((__fs_data_run_start__ == __fs_data_run_end__) || ((__fs_data_run_end__ >= __RAM_segment_start__) && (__fs_data_run_end__ <= __RAM_segment_end__))), error: .fs_data_run is too large to fit in RAM memory segment)
                0x0000000000029eb4                __log_dynamic_data_load_start__ = ALIGN ((__fs_data_load_start__ + SIZEOF (.fs_data)), 0x4)

.log_dynamic_data
                0x00000000200022e0        0x0 load address 0x0000000000029eb4
                0x00000000200022e0                __log_dynamic_data_start__ = .
 *(SORT_BY_NAME(.log_dynamic_data*))
                0x00000000200022e0                __log_dynamic_data_end__ = (__log_dynamic_data_start__ + SIZEOF (.log_dynamic_data))
                0x0000000000000000                __log_dynamic_data_size__ = SIZEOF (.log_dynamic_data)
                0x0000000000029eb4                __log_dynamic_data_load_end__ = (__log_dynamic_data_load_start__ + SIZEOF (.log_dynamic_data))
                0x0000000000000001                . = ASSERT (((__log_dynamic_data_load_start__ == __log_dynamic_data_load_end__) || ((__log_dynamic_data_load_end__ >= __FLASH_segment_start__) && (__log_dynamic_data_load_end__ <= __FLASH_segment_end__))), error: .log_dynamic_data is too large to fit in FLASH memory segment)

.log_dynamic_data_run
                0x00000000200022e0        0x0
                0x00000000200022e0                __log_dynamic_data_run_start__ = .
                0x00000000200022e0                __start_log_dynamic_data = __log_dynamic_data_run_start__
                0x00000000200022e0                . = MAX ((__log_dynamic_data_run_start__ + SIZEOF (.log_dynamic_data)), .)
                0x00000000200022e0                __log_dynamic_data_run_end__ = (__log_dynamic_data_run_start__ + SIZEOF (.log_dynamic_data_run))
                0x0000000000000000                __log_dynamic_data_run_size__ = SIZEOF (.log_dynamic_data_run)
                0x00000000200022e0                __stop_log_dynamic_data = __log_dynamic_data_run_end__
                0x00000000200022e0                __log_dynamic_data_run_load_end__ = __log_dynamic_data_run_end__
                0x0000000000000001                . = ASSERT (((__log_dynamic_data_run_start__ == __log_dynamic_data_run_end__) || ((__log_dynamic_data_run_end__ >= __RAM_segment_start__) && (__log_dynamic_data_run_end__ <= __RAM_segment_end__))), error: .log_dynamic_data_run is too large to fit in RAM memory segment)
                0x0000000000029eb4                __log_filter_data_load_start__ = ALIGN ((__log_dynamic_data_load_start__ + SIZEOF (.log_dynamic_data)), 0x4)

.log_filter_data
                0x00000000200022e0        0x0 load address 0x0000000000029eb4
                0x00000000200022e0                __log_filter_data_start__ = .
 *(SORT_BY_NAME(.log_filter_data*))
                0x00000000200022e0                __log_filter_data_end__ = (__log_filter_data_start__ + SIZEOF (.log_filter_data))
                0x0000000000000000                __log_filter_data_size__ = SIZEOF (.log_filter_data)
                0x0000000000029eb4                __log_filter_data_load_end__ = (__log_filter_data_load_start__ + SIZEOF (.log_filter_data))
                0x0000000000000001                . = ASSERT (((__log_filter_data_load_start__ == __log_filter_data_load_end__) || ((__log_filter_data_load_end__ >= __FLASH_segment_start__) && (__log_filter_data_load_end__ <= __FLASH_segment_end__))), error: .log_filter_data is too large to fit in FLASH memory segment)

.log_filter_data_run
                0x00000000200022e0        0x0
                0x00000000200022e0                __log_filter_data_run_start__ = .
                0x00000000200022e0                __start_log_filter_data = __log_filter_data_run_start__
                0x00000000200022e0                . = MAX ((__log_filter_data_run_start__ + SIZEOF (.log_filter_data)), .)
                0x00000000200022e0                __log_filter_data_run_end__ = (__log_filter_data_run_start__ + SIZEOF (.log_filter_data_run))
                0x0000000000000000                __log_filter_data_run_size__ = SIZEOF (.log_filter_data_run)
                0x00000000200022e0                __stop_log_filter_data = __log_filter_data_run_end__
                0x00000000200022e0                __log_filter_data_run_load_end__ = __log_filter_data_run_end__
                0x0000000000000001                . = ASSERT (((__log_filter_data_run_start__ == __log_filter_data_run_end__) || ((__log_filter_data_run_end__ >= __RAM_segment_start__) && (__log_filter_data_run_end__ <= __RAM_segment_end__))), error: .log_filter_data_run is too large to fit in RAM memory segment)
                0x00000000200022e0                __nrf_sections_run_end_load_start__ = ALIGN (__log_filter_data_run_end__, 0x4)

.nrf_sections_run_end
                0x00000000200022e0        0x0
                0x00000000200022e0                __nrf_sections_run_end_start__ = .
                0x00000000200022e0                __end_nrf_sections_run = __nrf_sections_run_end_start__
 *(.nrf_sections_run_end .nrf_sections_run_end.*)
                0x00000000200022e0                __nrf_sections_run_end_end__ = (__nrf_sections_run_end_start__ + SIZEOF (.nrf_sections_run_end))
                0x0000000000000000                __nrf_sections_run_end_size__ = SIZEOF (.nrf_sections_run_end)
                0x00000000200022e0                __nrf_sections_run_end_load_end__ = __nrf_sections_run_end_end__
                0x0000000000000001                . = ASSERT (((__nrf_sections_run_end_start__ == __nrf_sections_run_end_end__) || ((__nrf_sections_run_end_end__ >= __RAM_segment_start__) && (__nrf_sections_run_end_end__ <= __RAM_segment_end__))), error: .nrf_sections_run_end is too large to fit in RAM memory segment)
                0x0000000000029eb4                __dtors_load_start__ = ALIGN ((__log_filter_data_load_start__ + SIZEOF (.log_filter_data)), 0x4)

.dtors          0x0000000000029eb4        0x0
                0x0000000000029eb4                __dtors_start__ = .
 *(SORT_BY_NAME(.dtors.*))
 *(.dtors)
 *(.fini_array)
 *(SORT_BY_NAME(.fini_array.*))
                0x0000000000029eb4                __dtors_end__ = (__dtors_start__ + SIZEOF (.dtors))
                0x0000000000000000                __dtors_size__ = SIZEOF (.dtors)
                0x0000000000029eb4                __dtors_load_end__ = __dtors_end__
                0x0000000000000001                . = ASSERT (((__dtors_start__ == __dtors_end__) || ((__dtors_end__ >= __FLASH_segment_start__) && (__dtors_end__ <= __FLASH_segment_end__))), error: .dtors is too large to fit in FLASH memory segment)
                0x0000000000029eb4                __ctors_load_start__ = ALIGN (__dtors_end__, 0x4)

.ctors          0x0000000000029eb4        0x0
                0x0000000000029eb4                __ctors_start__ = .
 *(SORT_BY_NAME(.ctors.*))
 *(.ctors)
 *(.init_array)
 *(SORT_BY_NAME(.init_array.*))
                0x0000000000029eb4                __ctors_end__ = (__ctors_start__ + SIZEOF (.ctors))
                0x0000000000000000                __ctors_size__ = SIZEOF (.ctors)
                0x0000000000029eb4                __ctors_load_end__ = __ctors_end__
                0x0000000000000001                . = ASSERT (((__ctors_start__ == __ctors_end__) || ((__ctors_end__ >= __FLASH_segment_start__) && (__ctors_end__ <= __FLASH_segment_end__))), error: .ctors is too large to fit in FLASH memory segment)
                0x0000000000029eb4                __rodata_load_start__ = ALIGN (__ctors_end__, 0x4)

.rodata         0x0000000000029eb4      0xa1c
                0x0000000000029eb4                __rodata_start__ = .
 *(.rodata .rodata.* .gnu.linkonce.r.*)
 .rodata.m_log_push_ringbuf
                0x0000000000029eb4        0xc Output/Sensor Release/Obj/nrf_log_frontend.o
 .rodata.nrf_log_frontend_dequeue.str1.1
                0x0000000000029ec0       0x11 Output/Sensor Release/Obj/nrf_log_frontend.o
 .rodata.str1.1
                0x0000000000029ed1        0x4 Output/Sensor Release/Obj/nrf_log_frontend.o
 *fill*         0x0000000000029ed5        0x3 
 .rodata.m_detection_delay_timer_id
                0x0000000000029ed8        0x4 Output/Sensor Release/Obj/app_button.o
 .rodata.app_error_fault_handler.str1.1
                0x0000000000029edc       0x19 Output/Sensor Release/Obj/app_error_weak.o
 *fill*         0x0000000000029ef5        0xb 
 .rodata.delay_machine_code.8551
                0x0000000000029f00        0x6 Output/Sensor Release/Obj/app_timer.o
 *fill*         0x0000000000029f06        0x2 
 .rodata.pwr_mgmt_data
                0x0000000000029f08        0xc Output/Sensor Release/Obj/nrf_pwr_mgmt.o
 .rodata.str1.1
                0x0000000000029f14        0x9 Output/Sensor Release/Obj/nrf_pwr_mgmt.o
 .rodata.m_unknown_str
                0x0000000000029f1d       0x13 Output/Sensor Release/Obj/nrf_strerror.o
 .rodata.nrf_strerror_array
                0x0000000000029f30      0x128 Output/Sensor Release/Obj/nrf_strerror.o
 .rodata.str1.1
                0x000000000002a058      0x3ba Output/Sensor Release/Obj/nrf_strerror.o
 .rodata.m_board_led_list
                0x000000000002a412        0x4 Output/Sensor Release/Obj/boards.o
 .rodata.str1.1
                0x000000000002a416        0x6 Output/Sensor Release/Obj/nrf_drv_clock.o
 .rodata.str1.1
                0x000000000002a41c        0x6 Output/Sensor Release/Obj/nrfx_clock.o
 .rodata.str1.1
                0x000000000002a422        0x7 Output/Sensor Release/Obj/nrfx_gpiote.o
 .rodata.str1.1
                0x000000000002a429        0x4 Output/Sensor Release/Obj/nrfx_prs.o
 .rodata.str1.1
                0x000000000002a42d        0x6 Output/Sensor Release/Obj/nrfx_saadc.o
 .rodata.__func__.8871
                0x000000000002a433       0x19 Output/Sensor Release/Obj/nrfx_ppi.o
 .rodata.nrfx_ppi_channel_alloc.str1.1
                0x000000000002a44c       0x35 Output/Sensor Release/Obj/nrfx_ppi.o
 .rodata.str1.1
                0x000000000002a481        0x4 Output/Sensor Release/Obj/nrfx_ppi.o
 .rodata.str1.1
                0x000000000002a485        0x6 Output/Sensor Release/Obj/nrfx_timer.o
 .rodata.ble_evt_handler.str1.1
                0x000000000002a48b       0x17 Output/Sensor Release/Obj/main.o
 .rodata.button_event_handler.str1.1
                0x000000000002a4a2       0x1a Output/Sensor Release/Obj/main.o
 *fill*         0x000000000002a4bc        0x4 
 .rodata.delay_machine_code.8350
                0x000000000002a4c0        0x6 Output/Sensor Release/Obj/main.o
 .rodata.main.str1.1
                0x000000000002a4c6        0xc Output/Sensor Release/Obj/main.o
 .rodata        0x000000000002a4d2        0x9 Output/Sensor Release/Obj/ADC.o
 .rodata.default_config.8657
                0x000000000002a4db        0x4 Output/Sensor Release/Obj/ADC.o
 *fill*         0x000000000002a4df        0x1 
 .rodata.delay_machine_code.8219
                0x000000000002a4e0        0x6 Output/Sensor Release/Obj/PERIPHERY.o
 .rodata.data_length_update.str1.1
                0x000000000002a4e6       0xdf Output/Sensor Release/Obj/nrf_ble_gatt.o
 .rodata.nrf_ble_gatt_on_ble_evt.str1.1
                0x000000000002a5c5       0x60 Output/Sensor Release/Obj/nrf_ble_gatt.o
 .rodata.str1.1
                0x000000000002a625        0xd Output/Sensor Release/Obj/nrf_ble_gatt.o
 .rodata        0x000000000002a632       0x10 Output/Sensor Release/Obj/ble_lbs.o
 .rodata        0x000000000002a642        0x4 Output/Sensor Release/Obj/nrf_sdh.o
 *fill*         0x000000000002a646        0x2 
 .rodata.sdh_req_observers
                0x000000000002a648        0xc Output/Sensor Release/Obj/nrf_sdh.o
 .rodata.sdh_stack_observers
                0x000000000002a654        0xc Output/Sensor Release/Obj/nrf_sdh.o
 .rodata.sdh_state_observers
                0x000000000002a660        0xc Output/Sensor Release/Obj/nrf_sdh.o
 .rodata.str1.1
                0x000000000002a66c        0x8 Output/Sensor Release/Obj/nrf_sdh.o
 .rodata.nrf_sdh_ble_default_cfg_set.str1.1
                0x000000000002a674      0x182 Output/Sensor Release/Obj/nrf_sdh_ble.o
 .rodata.nrf_sdh_ble_enable.str1.1
                0x000000000002a7f6       0xa7 Output/Sensor Release/Obj/nrf_sdh_ble.o
 *fill*         0x000000000002a89d        0x3 
 .rodata.sdh_ble_observers
                0x000000000002a8a0        0xc Output/Sensor Release/Obj/nrf_sdh_ble.o
 .rodata.str1.1
                0x000000000002a8ac        0xc Output/Sensor Release/Obj/nrf_sdh_ble.o
 .rodata.sdh_soc_observers
                0x000000000002a8b8        0xc Output/Sensor Release/Obj/nrf_sdh_soc.o
 .rodata.str1.1
                0x000000000002a8c4        0xc Output/Sensor Release/Obj/nrf_sdh_soc.o
                0x000000000002a8d0                __rodata_end__ = (__rodata_start__ + SIZEOF (.rodata))
                0x0000000000000a1c                __rodata_size__ = SIZEOF (.rodata)
                0x000000000002a8d0                __rodata_load_end__ = __rodata_end__

.rel.dyn        0x000000000002a8d0        0x0
 .rel.iplt      0x000000000002a8d0        0x0 Output/Sensor Release/Obj/thumb_crt0.o
                0x0000000000000001                . = ASSERT (((__rodata_start__ == __rodata_end__) || ((__rodata_end__ >= __FLASH_segment_start__) && (__rodata_end__ <= __FLASH_segment_end__))), error: .rodata is too large to fit in FLASH memory segment)
                0x000000000002a8d0                __ARM.exidx_load_start__ = ALIGN (__rodata_end__, 0x4)

.ARM.exidx      0x000000000002a8d0        0x0
                0x000000000002a8d0                __ARM.exidx_start__ = .
                0x000000000002a8d0                __exidx_start = __ARM.exidx_start__
 *(.ARM.exidx .ARM.exidx.*)
                0x000000000002a8d0                __ARM.exidx_end__ = (__ARM.exidx_start__ + SIZEOF (.ARM.exidx))
                0x0000000000000000                __ARM.exidx_size__ = SIZEOF (.ARM.exidx)
                0x000000000002a8d0                __exidx_end = __ARM.exidx_end__
                0x000000000002a8d0                __ARM.exidx_load_end__ = __ARM.exidx_end__
                0x0000000000000001                . = ASSERT (((__ARM.exidx_start__ == __ARM.exidx_end__) || ((__ARM.exidx_end__ >= __FLASH_segment_start__) && (__ARM.exidx_end__ <= __FLASH_segment_end__))), error: .ARM.exidx is too large to fit in FLASH memory segment)
                0x000000000002a8d0                __fast_load_start__ = ALIGN (__ARM.exidx_end__, 0x4)

.fast           0x00000000200022e0        0x0 load address 0x000000000002a8d0
                0x00000000200022e0                __fast_start__ = .
 *(.fast .fast.*)
                0x00000000200022e0                __fast_end__ = (__fast_start__ + SIZEOF (.fast))
                0x0000000000000000                __fast_size__ = SIZEOF (.fast)
                0x000000000002a8d0                __fast_load_end__ = (__fast_load_start__ + SIZEOF (.fast))
                0x0000000000000001                . = ASSERT (((__fast_load_start__ == __fast_load_end__) || ((__fast_load_end__ >= __FLASH_segment_start__) && (__fast_load_end__ <= __FLASH_segment_end__))), error: .fast is too large to fit in FLASH memory segment)

.fast_run       0x00000000200022e0        0x0
                0x00000000200022e0                __fast_run_start__ = .
                0x00000000200022e0                . = MAX ((__fast_run_start__ + SIZEOF (.fast)), .)
                0x00000000200022e0                __fast_run_end__ = (__fast_run_start__ + SIZEOF (.fast_run))
                0x0000000000000000                __fast_run_size__ = SIZEOF (.fast_run)
                0x00000000200022e0                __fast_run_load_end__ = __fast_run_end__
                0x0000000000000001                . = ASSERT (((__fast_run_start__ == __fast_run_end__) || ((__fast_run_end__ >= __RAM_segment_start__) && (__fast_run_end__ <= __RAM_segment_end__))), error: .fast_run is too large to fit in RAM memory segment)
                0x000000000002a8d0                __data_load_start__ = ALIGN ((__fast_load_start__ + SIZEOF (.fast)), 0x4)

.data           0x00000000200022e0       0x20 load address 0x000000000002a8d0
                0x00000000200022e0                __data_start__ = .
 *(.data .data.* .gnu.linkonce.d.*)
 .data.SystemCoreClock
                0x00000000200022e0        0x4 Output/Sensor Release/Obj/system_nrf52840.o
                0x00000000200022e0                SystemCoreClock
 .data.buttons.12584
                0x00000000200022e4        0x8 Output/Sensor Release/Obj/main.o
 .data.m_adv_data
                0x00000000200022ec       0x10 Output/Sensor Release/Obj/main.o
 .data.m_adv_handle
                0x00000000200022fc        0x1 Output/Sensor Release/Obj/main.o
 *fill*         0x00000000200022fd        0x1 
 .data.m_conn_handle
                0x00000000200022fe        0x2 Output/Sensor Release/Obj/main.o
                0x0000000020002300                __data_end__ = (__data_start__ + SIZEOF (.data))
                0x0000000000000020                __data_size__ = SIZEOF (.data)
                0x000000000002a8f0                __data_load_end__ = (__data_load_start__ + SIZEOF (.data))

.igot.plt       0x0000000100000000        0x0
 .igot.plt      0x0000000100000000        0x0 Output/Sensor Release/Obj/thumb_crt0.o
                0x0000000000000001                . = ASSERT (((__data_load_start__ == __data_load_end__) || ((__data_load_end__ >= __FLASH_segment_start__) && (__data_load_end__ <= __FLASH_segment_end__))), error: .data is too large to fit in FLASH memory segment)

.data_run       0x00000000200022e0       0x20 load address 0x000000000002a8d0
                0x00000000200022e0                __data_run_start__ = .
                0x0000000020002300                . = MAX ((__data_run_start__ + SIZEOF (.data)), .)
 *fill*         0x00000000200022e0       0x20 
                0x0000000020002300                __data_run_end__ = (__data_run_start__ + SIZEOF (.data_run))
                0x0000000000000020                __data_run_size__ = SIZEOF (.data_run)
                0x0000000020002300                __data_run_load_end__ = __data_run_end__
                0x0000000000000001                . = ASSERT (((__data_run_start__ == __data_run_end__) || ((__data_run_end__ >= __RAM_segment_start__) && (__data_run_end__ <= __RAM_segment_end__))), error: .data_run is too large to fit in RAM memory segment)
                0x000000000002a8f0                __tdata_load_start__ = ALIGN ((__data_load_start__ + SIZEOF (.data)), 0x4)

.tdata          0x0000000020002300        0x0 load address 0x000000000002a8f0
                0x0000000020002300                __tdata_start__ = .
 *(.tdata .tdata.*)
                0x0000000020002300                __tdata_end__ = (__tdata_start__ + SIZEOF (.tdata))
                0x0000000000000000                __tdata_size__ = SIZEOF (.tdata)
                0x000000000002a8f0                __tdata_load_end__ = (__tdata_load_start__ + SIZEOF (.tdata))
                0x000000000002a8f0                __FLASH_segment_used_end__ = (ALIGN ((__data_load_start__ + SIZEOF (.data)), 0x4) + SIZEOF (.tdata))
                0x000000000002a8f0                __FLASH_segment_used_size__ = (__FLASH_segment_used_end__ - __FLASH_segment_start__)
                0x0000000000000001                . = ASSERT (((__tdata_load_start__ == __tdata_load_end__) || ((__tdata_load_end__ >= __FLASH_segment_start__) && (__tdata_load_end__ <= __FLASH_segment_end__))), error: .tdata is too large to fit in FLASH memory segment)

.tdata_run      0x0000000020002300        0x0
                0x0000000020002300                __tdata_run_start__ = .
                0x0000000020002300                . = MAX ((__tdata_run_start__ + SIZEOF (.tdata)), .)
                0x0000000020002300                __tdata_run_end__ = (__tdata_run_start__ + SIZEOF (.tdata_run))
                0x0000000000000000                __tdata_run_size__ = SIZEOF (.tdata_run)
                0x0000000020002300                __tdata_run_load_end__ = __tdata_run_end__
                0x0000000000000001                . = ASSERT (((__tdata_run_start__ == __tdata_run_end__) || ((__tdata_run_end__ >= __RAM_segment_start__) && (__tdata_run_end__ <= __RAM_segment_end__))), error: .tdata_run is too large to fit in RAM memory segment)
                0x0000000020002300                __bss_load_start__ = ALIGN (__tdata_run_end__, 0x4)

.bss            0x0000000020002300      0x944
                0x0000000020002300                __bss_start__ = .
 *(.bss .bss.* .gnu.linkonce.b.*)
 .bss.log_mempool_nrf_balloc_cb
                0x0000000020002300        0x8 Output/Sensor Release/Obj/nrf_log_frontend.o
 .bss.log_mempool_nrf_balloc_pool_mem
                0x0000000020002308       0xc0 Output/Sensor Release/Obj/nrf_log_frontend.o
 .bss.log_mempool_nrf_balloc_pool_stack
                0x00000000200023c8        0x8 Output/Sensor Release/Obj/nrf_log_frontend.o
 .bss.m_log_data
                0x00000000200023d0      0x424 Output/Sensor Release/Obj/nrf_log_frontend.o
 .bss.m_log_push_ringbuf_buf
                0x00000000200027f4       0x80 Output/Sensor Release/Obj/nrf_log_frontend.o
 .bss.m_log_push_ringbuf_cb
                0x0000000020002874       0x18 Output/Sensor Release/Obj/nrf_log_frontend.o
 .bss.m_button_count
                0x000000002000288c        0x1 Output/Sensor Release/Obj/app_button.o
 *fill*         0x000000002000288d        0x3 
 .bss.m_detection_delay
                0x0000000020002890        0x4 Output/Sensor Release/Obj/app_button.o
 .bss.m_detection_delay_timer_id_data
                0x0000000020002894       0x20 Output/Sensor Release/Obj/app_button.o
 *fill*         0x00000000200028b4        0x4 
 .bss.m_pin_state
                0x00000000200028b8        0x8 Output/Sensor Release/Obj/app_button.o
 .bss.m_pin_transition
                0x00000000200028c0        0x8 Output/Sensor Release/Obj/app_button.o
 .bss.mp_buttons
                0x00000000200028c8        0x4 Output/Sensor Release/Obj/app_button.o
 .bss.m_op_queue
                0x00000000200028cc      0x10c Output/Sensor Release/Obj/app_timer.o
 .bss.m_rtc1_reset
                0x00000000200029d8        0x1 Output/Sensor Release/Obj/app_timer.o
 .bss.m_rtc1_running
                0x00000000200029d9        0x1 Output/Sensor Release/Obj/app_timer.o
 *fill*         0x00000000200029da        0x2 
 .bss.m_ticks_elapsed
                0x00000000200029dc        0x8 Output/Sensor Release/Obj/app_timer.o
 .bss.m_ticks_elapsed_q_read_ind
                0x00000000200029e4        0x1 Output/Sensor Release/Obj/app_timer.o
 .bss.m_ticks_elapsed_q_write_ind
                0x00000000200029e5        0x1 Output/Sensor Release/Obj/app_timer.o
 *fill*         0x00000000200029e6        0x2 
 .bss.m_ticks_latest
                0x00000000200029e8        0x4 Output/Sensor Release/Obj/app_timer.o
 .bss.mp_timer_id_head
                0x00000000200029ec        0x4 Output/Sensor Release/Obj/app_timer.o
 .bss.nrf_nvic_state
                0x00000000200029f0        0xc Output/Sensor Release/Obj/app_util_platform.o
                0x00000000200029f0                nrf_nvic_state
 .bss.m_handlers_iter
                0x00000000200029fc        0x8 Output/Sensor Release/Obj/nrf_pwr_mgmt.o
 .bss.m_shutdown_started
                0x0000000020002a04        0x1 Output/Sensor Release/Obj/nrf_pwr_mgmt.o
 *fill*         0x0000000020002a05        0x3 
 .bss.m_sysoff_mtx
                0x0000000020002a08        0x4 Output/Sensor Release/Obj/nrf_pwr_mgmt.o
 .bss.m_clock_cb
                0x0000000020002a0c       0x14 Output/Sensor Release/Obj/nrf_drv_clock.o
 .bss.m_clock_cb
                0x0000000020002a20        0x8 Output/Sensor Release/Obj/nrfx_clock.o
 .bss.m_cb      0x0000000020002a28       0x6c Output/Sensor Release/Obj/nrfx_gpiote.o
 .bss.m_prs_box_4
                0x0000000020002a94        0x8 Output/Sensor Release/Obj/nrfx_prs.o
 .bss.m_cb      0x0000000020002a9c       0x30 Output/Sensor Release/Obj/nrfx_saadc.o
 .bss.m_drv_state
                0x0000000020002acc        0x1 Output/Sensor Release/Obj/nrf_drv_ppi.o
 *fill*         0x0000000020002acd        0x3 
 .bss.m_channels_allocated
                0x0000000020002ad0        0x4 Output/Sensor Release/Obj/nrfx_ppi.o
 .bss.m_groups_allocated
                0x0000000020002ad4        0x1 Output/Sensor Release/Obj/nrfx_ppi.o
 *fill*         0x0000000020002ad5        0x3 
 .bss.m_cb      0x0000000020002ad8       0x18 Output/Sensor Release/Obj/nrfx_timer.o
 .bss.m_enc_advdata
                0x0000000020002af0       0x1f Output/Sensor Release/Obj/main.o
 .bss.m_enc_scan_response_data
                0x0000000020002b0f       0x1f Output/Sensor Release/Obj/main.o
 *fill*         0x0000000020002b2e        0x2 
 .bss.m_gatt    0x0000000020002b30       0x14 Output/Sensor Release/Obj/main.o
 .bss.m_lbs     0x0000000020002b44       0x18 Output/Sensor Release/Obj/main.o
 .bss.m_qwr     0x0000000020002b5c        0xc Output/Sensor Release/Obj/main.o
 .bss.ADC_VAL0  0x0000000020002b68        0x4 Output/Sensor Release/Obj/ADC.o
                0x0000000020002b68                ADC_VAL0
 .bss.m_buffer_pool
                0x0000000020002b6c        0x2 Output/Sensor Release/Obj/ADC.o
                0x0000000020002b6c                m_buffer_pool
 .bss.m_ppi_channel
                0x0000000020002b6e        0x1 Output/Sensor Release/Obj/ADC.o
                0x0000000020002b6e                m_ppi_channel
 *fill*         0x0000000020002b6f        0x1 
 .bss.m_conn_params_config
                0x0000000020002b70       0x1c Output/Sensor Release/Obj/ble_conn_params.o
 .bss.m_conn_params_instances
                0x0000000020002b8c       0x14 Output/Sensor Release/Obj/ble_conn_params.o
 .bss.m_preferred_conn_params
                0x0000000020002ba0        0x8 Output/Sensor Release/Obj/ble_conn_params.o
 .bss.m_timer_data
                0x0000000020002ba8       0x20 Output/Sensor Release/Obj/ble_conn_params.o
 .bss.m_bcs     0x0000000020002bc8       0x78 Output/Sensor Release/Obj/ble_conn_state.o
 .bss.m_nrf_sdh_continue
                0x0000000020002c40        0x1 Output/Sensor Release/Obj/nrf_sdh.o
 .bss.m_nrf_sdh_enabled
                0x0000000020002c41        0x1 Output/Sensor Release/Obj/nrf_sdh.o
 .bss.m_nrf_sdh_suspended
                0x0000000020002c42        0x1 Output/Sensor Release/Obj/nrf_sdh.o
 .bss.m_stack_is_enabled
                0x0000000020002c43        0x1 Output/Sensor Release/Obj/nrf_sdh_ble.o
 *(COMMON)
                0x0000000020002c44                __bss_end__ = (__bss_start__ + SIZEOF (.bss))
                0x0000000000000944                __bss_size__ = SIZEOF (.bss)
                0x0000000020002c44                __bss_load_end__ = __bss_end__
                0x0000000000000001                . = ASSERT (((__bss_start__ == __bss_end__) || ((__bss_end__ >= __RAM_segment_start__) && (__bss_end__ <= __RAM_segment_end__))), error: .bss is too large to fit in RAM memory segment)
                0x0000000020002c44                __tbss_load_start__ = ALIGN (__bss_end__, 0x4)

.tbss           0x0000000020002c44        0x0
                0x0000000020002c44                __tbss_start__ = .
 *(.tbss .tbss.*)
                0x0000000020002c44                __tbss_end__ = (__tbss_start__ + SIZEOF (.tbss))
                0x0000000000000000                __tbss_size__ = SIZEOF (.tbss)
                0x0000000020002c44                __tbss_load_end__ = __tbss_end__
                0x0000000000000001                . = ASSERT (((__tbss_start__ == __tbss_end__) || ((__tbss_end__ >= __RAM_segment_start__) && (__tbss_end__ <= __RAM_segment_end__))), error: .tbss is too large to fit in RAM memory segment)
                0x0000000020002c44                __non_init_load_start__ = ALIGN (__tbss_end__, 0x4)

.non_init       0x0000000020002c44        0x0
                0x0000000020002c44                __non_init_start__ = .
 *(.non_init .non_init.*)
                0x0000000020002c44                __non_init_end__ = (__non_init_start__ + SIZEOF (.non_init))
                0x0000000000000000                __non_init_size__ = SIZEOF (.non_init)